~$ dmesg
[    0.000000] Linux version 6.8.0-51-generic (buildd@lcy02-amd64-091) (x86_64-linux-gnu-gcc-13 (Ubuntu 13.3.0-6ubuntu2~24.04) 13.3.0, GNU ld (GNU Binutils for Ubuntu) 2.42) #52-Ubuntu SMP PREEMPT_DYNAMIC Thu Dec  5 13:09:44 UTC 2024 (Ubuntu 6.8.0-51.52-generic 6.8.12)
[    0.000000] Command line: BOOT_IMAGE=/boot/vmlinuz-6.8.0-51-generic root=UUID=4700bc3d-0bda-4501-a7da-463566e99c90 ro quiet splash
[    0.000000] KERNEL supported cpus:
[    0.000000]   Intel GenuineIntel
[    0.000000]   AMD AuthenticAMD
[    0.000000]   Hygon HygonGenuine
[    0.000000]   Centaur CentaurHauls
[    0.000000]   zhaoxin   Shanghai  
[    0.000000] x86/split lock detection: #AC: crashing the kernel on kernel split_locks and warning on user-space split_locks
[    0.000000] BIOS-provided physical RAM map:
[    0.000000] BIOS-e820: [mem 0x0000000000000000-0x000000000009efff] usable
[    0.000000] BIOS-e820: [mem 0x000000000009f000-0x00000000000fffff] reserved
[    0.000000] BIOS-e820: [mem 0x0000000000100000-0x0000000038f98fff] usable
[    0.000000] BIOS-e820: [mem 0x0000000038f99000-0x0000000039898fff] reserved
[    0.000000] BIOS-e820: [mem 0x0000000039899000-0x00000000424aefff] usable
[    0.000000] BIOS-e820: [mem 0x00000000424af000-0x00000000442fefff] reserved
[    0.000000] BIOS-e820: [mem 0x00000000442ff000-0x0000000044b2efff] ACPI NVS
[    0.000000] BIOS-e820: [mem 0x0000000044b2f000-0x0000000044bfefff] ACPI data
[    0.000000] BIOS-e820: [mem 0x0000000044bff000-0x0000000044bfffff] usable
[    0.000000] BIOS-e820: [mem 0x0000000044c00000-0x0000000048ffffff] reserved
[    0.000000] BIOS-e820: [mem 0x0000000049e00000-0x000000004f7fffff] reserved
[    0.000000] BIOS-e820: [mem 0x00000000c0000000-0x00000000cfffffff] reserved
[    0.000000] BIOS-e820: [mem 0x00000000fe010000-0x00000000fe010fff] reserved
[    0.000000] BIOS-e820: [mem 0x00000000fed20000-0x00000000fed7ffff] reserved
[    0.000000] BIOS-e820: [mem 0x00000000ff600000-0x00000000ffffffff] reserved
[    0.000000] BIOS-e820: [mem 0x0000000100000000-0x00000004b07fffff] usable
[    0.000000] NX (Execute Disable) protection: active
[    0.000000] APIC: Static calls initialized
[    0.000000] e820: update [mem 0x37a53018-0x37a7b257] usable ==> usable
[    0.000000] e820: update [mem 0x37a53018-0x37a7b257] usable ==> usable
[    0.000000] extended physical RAM map:
[    0.000000] reserve setup_data: [mem 0x0000000000000000-0x000000000009efff] usable
[    0.000000] reserve setup_data: [mem 0x000000000009f000-0x00000000000fffff] reserved
[    0.000000] reserve setup_data: [mem 0x0000000000100000-0x0000000037a53017] usable
[    0.000000] reserve setup_data: [mem 0x0000000037a53018-0x0000000037a7b257] usable
[    0.000000] reserve setup_data: [mem 0x0000000037a7b258-0x0000000038f98fff] usable
[    0.000000] reserve setup_data: [mem 0x0000000038f99000-0x0000000039898fff] reserved
[    0.000000] reserve setup_data: [mem 0x0000000039899000-0x00000000424aefff] usable
[    0.000000] reserve setup_data: [mem 0x00000000424af000-0x00000000442fefff] reserved
[    0.000000] reserve setup_data: [mem 0x00000000442ff000-0x0000000044b2efff] ACPI NVS
[    0.000000] reserve setup_data: [mem 0x0000000044b2f000-0x0000000044bfefff] ACPI data
[    0.000000] reserve setup_data: [mem 0x0000000044bff000-0x0000000044bfffff] usable
[    0.000000] reserve setup_data: [mem 0x0000000044c00000-0x0000000048ffffff] reserved
[    0.000000] reserve setup_data: [mem 0x0000000049e00000-0x000000004f7fffff] reserved
[    0.000000] reserve setup_data: [mem 0x00000000c0000000-0x00000000cfffffff] reserved
[    0.000000] reserve setup_data: [mem 0x00000000fe010000-0x00000000fe010fff] reserved
[    0.000000] reserve setup_data: [mem 0x00000000fed20000-0x00000000fed7ffff] reserved
[    0.000000] reserve setup_data: [mem 0x00000000ff600000-0x00000000ffffffff] reserved
[    0.000000] reserve setup_data: [mem 0x0000000100000000-0x00000004b07fffff] usable
[    0.000000] efi: EFI v2.7 by INSYDE Corp.
[    0.000000] efi: ACPI=0x44bfe000 ACPI 2.0=0x44bfe014 TPMFinalLog=0x44a85000 SMBIOS=0x429df000 SMBIOS 3.0=0x429dd000 MEMATTR=0x3e0a1018 ESRT=0x3e12ea98 MOKvar=0x42993000 INITRD=0x398aea98 RNG=0x44b62018 TPMEventLog=0x37a7c018 
[    0.000000] random: crng init done
[    0.000000] efi: Remove mem78: MMIO range=[0xc0000000-0xcfffffff] (256MB) from e820 map
[    0.000000] e820: remove [mem 0xc0000000-0xcfffffff] reserved
[    0.000000] efi: Not removing mem79: MMIO range=[0xfe010000-0xfe010fff] (4KB) from e820 map
[    0.000000] efi: Remove mem81: MMIO range=[0xff600000-0xffffffff] (10MB) from e820 map
[    0.000000] e820: remove [mem 0xff600000-0xffffffff] reserved
[    0.000000] secureboot: Secure boot disabled
[    0.000000] SMBIOS 3.3.0 present.
[    0.000000] DMI: Acer Nitro AN517-54/Kamiq_TLS, BIOS V1.17 06/02/2022
[    0.000000] tsc: Detected 2300.000 MHz processor
[    0.000000] tsc: Detected 2304.000 MHz TSC
[    0.000006] e820: update [mem 0x00000000-0x00000fff] usable ==> reserved
[    0.000008] e820: remove [mem 0x000a0000-0x000fffff] usable
[    0.000013] last_pfn = 0x4b0800 max_arch_pfn = 0x400000000
[    0.000016] MTRR map: 5 entries (3 fixed + 2 variable; max 23), built from 10 variable MTRRs
[    0.000017] x86/PAT: Configuration [0-7]: WB  WC  UC- UC  WB  WP  UC- WT  
[    0.000484] last_pfn = 0x44c00 max_arch_pfn = 0x400000000
[    0.007295] esrt: Reserving ESRT space from 0x000000003e12ea98 to 0x000000003e12ead0.
[    0.007299] e820: update [mem 0x3e12e000-0x3e12efff] usable ==> reserved
[    0.007311] Using GB pages for direct mapping
[    0.007607] secureboot: Secure boot disabled
[    0.007608] RAMDISK: [mem 0x30e3a000-0x353f9fff]
[    0.007887] ACPI: Early table checksum verification disabled
[    0.007890] ACPI: RSDP 0x0000000044BFE014 000024 (v02 ACRSYS)
[    0.007893] ACPI: XSDT 0x0000000044BD3188 000144 (v01 ACRSYS ACRPRDCT 00000002      01000013)
[    0.007897] ACPI: FACP 0x0000000044BFD000 00010C (v06 ACRSYS ACRPRDCT 00000002 1025 00040000)
[    0.007901] ACPI: DSDT 0x0000000044B70000 05779E (v02 ACRSYS ACRPRDCT 00000002 1025 00040000)
[    0.007904] ACPI: FACS 0x0000000044A61000 000040
[    0.007905] ACPI: UEFI 0x0000000044B2E000 000236 (v01 ACRSYS ACRPRDCT 00000001 1025 00040000)
[    0.007908] ACPI: SSDT 0x0000000044BFA000 00255C (v02 ACRSYS ACRPRDCT 00003000 1025 00040000)
[    0.007910] ACPI: SSDT 0x0000000044BF6000 00326D (v02 ACRSYS ACRPRDCT 00001000 1025 00040000)
[    0.007912] ACPI: SSDT 0x0000000044BF5000 000100 (v02 ACRSYS ACRPRDCT 00003000 1025 00040000)
[    0.007914] ACPI: SSDT 0x0000000044BF1000 003DE8 (v02 ACRSYS ACRPRDCT 00003000 1025 00040000)
[    0.007916] ACPI: SSDT 0x0000000044BED000 003300 (v02 ACRSYS ACRPRDCT 00003000 1025 00040000)
[    0.007918] ACPI: SSDT 0x0000000044BE1000 00B254 (v02 INTEL  TcssSsdt 00001000 INTL 20160422)
[    0.007921] ACPI: SSDT 0x0000000044BDF000 00107F (v02 ACRSYS ACRPRDCT 00001000 1025 00040000)
[    0.007923] ACPI: SSDT 0x0000000044BDE000 00077B (v02 ACRSYS ACRPRDCT 00001000 1025 00040000)
[    0.007925] ACPI: TPM2 0x0000000044BDD000 00004C (v04 ACRSYS ACRPRDCT 00000002 1025 00040000)
[    0.007928] ACPI: MSDM 0x0000000044BDC000 000055 (v03 ACRSYS ACRPRDCT 00000001 1025 00040000)
[    0.007930] ACPI: SSDT 0x0000000044BDB000 000820 (v02 ACRSYS ACRPRDCT 00000000 1025 00040000)
[    0.007932] ACPI: NHLT 0x0000000044BDA000 0002E1 (v00 ACRSYS ACRPRDCT 00000002 1025 00040000)
[    0.007934] ACPI: LPIT 0x0000000044BD9000 0000CC (v01 ACRSYS ACRPRDCT 00000002 1025 00040000)
[    0.007936] ACPI: WSMT 0x0000000044BD8000 000028 (v01 ACRSYS ACRPRDCT 00000002 1025 00040000)
[    0.007938] ACPI: SSDT 0x0000000044BD7000 000B70 (v02 ACRSYS ACRPRDCT 00001000 1025 00040000)
[    0.007940] ACPI: SSDT 0x0000000044BD6000 00012A (v02 ACRSYS ACRPRDCT 00000000 1025 00040000)
[    0.007942] ACPI: DBGP 0x0000000044BD5000 000034 (v01 ACRSYS ACRPRDCT 00000002 1025 00040000)
[    0.007944] ACPI: DBG2 0x0000000044BD4000 000054 (v00 ACRSYS ACRPRDCT 00000002 1025 00040000)
[    0.007946] ACPI: SSDT 0x0000000044BCB000 0077E4 (v01 ACRSYS ACRPRDCT 00001000 1025 00040000)
[    0.007948] ACPI: HPET 0x0000000044BCA000 000038 (v01 ACRSYS ACRPRDCT 00000002 1025 00040000)
[    0.007950] ACPI: APIC 0x0000000044BC9000 00012C (v03 ACRSYS ACRPRDCT 00000002 1025 00040000)
[    0.007952] ACPI: MCFG 0x0000000044BC8000 00003C (v01 ACRSYS ACRPRDCT 00000002 1025 00040000)
[    0.007955] ACPI: SSDT 0x0000000044B6E000 0014C2 (v02 ACRSYS ACRPRDCT 00000002 1025 00040000)
[    0.007957] ACPI: SSDT 0x0000000044B6D000 0007B4 (v02 ACRSYS ACRPRDCT 00000002 1025 00040000)
[    0.007959] ACPI: DMAR 0x0000000044B6C000 000088 (v02 ACRSYS ACRPRDCT 00000002 1025 00040000)
[    0.007961] ACPI: SSDT 0x0000000044B69000 0029A5 (v01 ACRSYS ACRPRDCT 00001000 1025 00040000)
[    0.007963] ACPI: UEFI 0x0000000044A1A000 00063A (v01 ACRSYS ACRPRDCT 00000000 1025 00040000)
[    0.007965] ACPI: UEFI 0x0000000044A19000 00005C (v01 ACRSYS ACRPRDCT 00000000 1025 00040000)
[    0.007967] ACPI: SSDT 0x0000000044B68000 0000E0 (v02 ACRSYS ACRPRDCT 00001000 1025 00040000)
[    0.007970] ACPI: SSDT 0x0000000044B67000 0000F8 (v01 ACRSYS ACRPRDCT 00001000 1025 00040000)
[    0.007972] ACPI: SSDT 0x0000000044B66000 000835 (v02 ACRSYS ACRPRDCT 00003000 1025 00040000)
[    0.007974] ACPI: FPDT 0x0000000044B65000 000044 (v01 ACRSYS ACRPRDCT 00000002 1025 00040000)
[    0.007976] ACPI: PTDT 0x0000000044B63000 000CFE (v00 ACRSYS ACRPRDCT 00000005 1025 00040000)
[    0.007978] ACPI: BGRT 0x0000000044B64000 000038 (v01 ACRSYS ACRPRDCT 00000001 1025 00040000)
[    0.007980] ACPI: Reserving FACP table memory at [mem 0x44bfd000-0x44bfd10b]
[    0.007980] ACPI: Reserving DSDT table memory at [mem 0x44b70000-0x44bc779d]
[    0.007981] ACPI: Reserving FACS table memory at [mem 0x44a61000-0x44a6103f]
[    0.007982] ACPI: Reserving UEFI table memory at [mem 0x44b2e000-0x44b2e235]
[    0.007982] ACPI: Reserving SSDT table memory at [mem 0x44bfa000-0x44bfc55b]
[    0.007983] ACPI: Reserving SSDT table memory at [mem 0x44bf6000-0x44bf926c]
[    0.007983] ACPI: Reserving SSDT table memory at [mem 0x44bf5000-0x44bf50ff]
[    0.007984] ACPI: Reserving SSDT table memory at [mem 0x44bf1000-0x44bf4de7]
[    0.007984] ACPI: Reserving SSDT table memory at [mem 0x44bed000-0x44bf02ff]
[    0.007985] ACPI: Reserving SSDT table memory at [mem 0x44be1000-0x44bec253]
[    0.007985] ACPI: Reserving SSDT table memory at [mem 0x44bdf000-0x44be007e]
[    0.007986] ACPI: Reserving SSDT table memory at [mem 0x44bde000-0x44bde77a]
[    0.007986] ACPI: Reserving TPM2 table memory at [mem 0x44bdd000-0x44bdd04b]
[    0.007987] ACPI: Reserving MSDM table memory at [mem 0x44bdc000-0x44bdc054]
[    0.007987] ACPI: Reserving SSDT table memory at [mem 0x44bdb000-0x44bdb81f]
[    0.007988] ACPI: Reserving NHLT table memory at [mem 0x44bda000-0x44bda2e0]
[    0.007988] ACPI: Reserving LPIT table memory at [mem 0x44bd9000-0x44bd90cb]
[    0.007989] ACPI: Reserving WSMT table memory at [mem 0x44bd8000-0x44bd8027]
[    0.007989] ACPI: Reserving SSDT table memory at [mem 0x44bd7000-0x44bd7b6f]
[    0.007990] ACPI: Reserving SSDT table memory at [mem 0x44bd6000-0x44bd6129]
[    0.007990] ACPI: Reserving DBGP table memory at [mem 0x44bd5000-0x44bd5033]
[    0.007991] ACPI: Reserving DBG2 table memory at [mem 0x44bd4000-0x44bd4053]
[    0.007991] ACPI: Reserving SSDT table memory at [mem 0x44bcb000-0x44bd27e3]
[    0.007992] ACPI: Reserving HPET table memory at [mem 0x44bca000-0x44bca037]
[    0.007992] ACPI: Reserving APIC table memory at [mem 0x44bc9000-0x44bc912b]
[    0.007993] ACPI: Reserving MCFG table memory at [mem 0x44bc8000-0x44bc803b]
[    0.007994] ACPI: Reserving SSDT table memory at [mem 0x44b6e000-0x44b6f4c1]
[    0.007994] ACPI: Reserving SSDT table memory at [mem 0x44b6d000-0x44b6d7b3]
[    0.007995] ACPI: Reserving DMAR table memory at [mem 0x44b6c000-0x44b6c087]
[    0.007995] ACPI: Reserving SSDT table memory at [mem 0x44b69000-0x44b6b9a4]
[    0.007996] ACPI: Reserving UEFI table memory at [mem 0x44a1a000-0x44a1a639]
[    0.007996] ACPI: Reserving UEFI table memory at [mem 0x44a19000-0x44a1905b]
[    0.007997] ACPI: Reserving SSDT table memory at [mem 0x44b68000-0x44b680df]
[    0.007997] ACPI: Reserving SSDT table memory at [mem 0x44b67000-0x44b670f7]
[    0.007998] ACPI: Reserving SSDT table memory at [mem 0x44b66000-0x44b66834]
[    0.007999] ACPI: Reserving FPDT table memory at [mem 0x44b65000-0x44b65043]
[    0.007999] ACPI: Reserving PTDT table memory at [mem 0x44b63000-0x44b63cfd]
[    0.008000] ACPI: Reserving BGRT table memory at [mem 0x44b64000-0x44b64037]
[    0.008243] No NUMA configuration found
[    0.008243] Faking a node at [mem 0x0000000000000000-0x00000004b07fffff]
[    0.008248] NODE_DATA(0) allocated [mem 0x4b07d5000-0x4b07fffff]
[    0.008366] Zone ranges:
[    0.008367]   DMA      [mem 0x0000000000001000-0x0000000000ffffff]
[    0.008368]   DMA32    [mem 0x0000000001000000-0x00000000ffffffff]
[    0.008369]   Normal   [mem 0x0000000100000000-0x00000004b07fffff]
[    0.008370]   Device   empty
[    0.008371] Movable zone start for each node
[    0.008373] Early memory node ranges
[    0.008373]   node   0: [mem 0x0000000000001000-0x000000000009efff]
[    0.008374]   node   0: [mem 0x0000000000100000-0x0000000038f98fff]
[    0.008375]   node   0: [mem 0x0000000039899000-0x00000000424aefff]
[    0.008375]   node   0: [mem 0x0000000044bff000-0x0000000044bfffff]
[    0.008376]   node   0: [mem 0x0000000100000000-0x00000004b07fffff]
[    0.008378] Initmem setup node 0 [mem 0x0000000000001000-0x00000004b07fffff]
[    0.008381] On node 0, zone DMA: 1 pages in unavailable ranges
[    0.008396] On node 0, zone DMA: 97 pages in unavailable ranges
[    0.009392] On node 0, zone DMA32: 2304 pages in unavailable ranges
[    0.009452] On node 0, zone DMA32: 10064 pages in unavailable ranges
[    0.028308] On node 0, zone Normal: 13312 pages in unavailable ranges
[    0.028503] On node 0, zone Normal: 30720 pages in unavailable ranges
[    0.028531] Reserving Intel graphics memory at [mem 0x4b800000-0x4f7fffff]
[    0.028865] ACPI: PM-Timer IO Port: 0x1808
[    0.028871] ACPI: LAPIC_NMI (acpi_id[0x01] high edge lint[0x1])
[    0.028872] ACPI: LAPIC_NMI (acpi_id[0x02] high edge lint[0x1])
[    0.028873] ACPI: LAPIC_NMI (acpi_id[0x03] high edge lint[0x1])
[    0.028873] ACPI: LAPIC_NMI (acpi_id[0x04] high edge lint[0x1])
[    0.028874] ACPI: LAPIC_NMI (acpi_id[0x05] high edge lint[0x1])
[    0.028874] ACPI: LAPIC_NMI (acpi_id[0x06] high edge lint[0x1])
[    0.028875] ACPI: LAPIC_NMI (acpi_id[0x07] high edge lint[0x1])
[    0.028875] ACPI: LAPIC_NMI (acpi_id[0x08] high edge lint[0x1])
[    0.028876] ACPI: LAPIC_NMI (acpi_id[0x09] high edge lint[0x1])
[    0.028876] ACPI: LAPIC_NMI (acpi_id[0x0a] high edge lint[0x1])
[    0.028877] ACPI: LAPIC_NMI (acpi_id[0x0b] high edge lint[0x1])
[    0.028877] ACPI: LAPIC_NMI (acpi_id[0x0c] high edge lint[0x1])
[    0.028878] ACPI: LAPIC_NMI (acpi_id[0x0d] high edge lint[0x1])
[    0.028878] ACPI: LAPIC_NMI (acpi_id[0x0e] high edge lint[0x1])
[    0.028879] ACPI: LAPIC_NMI (acpi_id[0x0f] high edge lint[0x1])
[    0.028879] ACPI: LAPIC_NMI (acpi_id[0x10] high edge lint[0x1])
[    0.028914] IOAPIC[0]: apic_id 2, version 32, address 0xfec00000, GSI 0-119
[    0.028917] ACPI: INT_SRC_OVR (bus 0 bus_irq 0 global_irq 2 dfl dfl)
[    0.028918] ACPI: INT_SRC_OVR (bus 0 bus_irq 9 global_irq 9 high level)
[    0.028921] ACPI: Using ACPI (MADT) for SMP configuration information
[    0.028922] ACPI: HPET id: 0x8086a201 base: 0xfed00000
[    0.028927] e820: update [mem 0x3cf5e000-0x3d051fff] usable ==> reserved
[    0.028933] TSC deadline timer available
[    0.028934] smpboot: Allowing 16 CPUs, 0 hotplug CPUs
[    0.028942] PM: hibernation: Registered nosave memory: [mem 0x00000000-0x00000fff]
[    0.028944] PM: hibernation: Registered nosave memory: [mem 0x0009f000-0x000fffff]
[    0.028945] PM: hibernation: Registered nosave memory: [mem 0x37a53000-0x37a53fff]
[    0.028946] PM: hibernation: Registered nosave memory: [mem 0x37a7b000-0x37a7bfff]
[    0.028947] PM: hibernation: Registered nosave memory: [mem 0x38f99000-0x39898fff]
[    0.028948] PM: hibernation: Registered nosave memory: [mem 0x3cf5e000-0x3d051fff]
[    0.028948] PM: hibernation: Registered nosave memory: [mem 0x3e12e000-0x3e12efff]
[    0.028949] PM: hibernation: Registered nosave memory: [mem 0x424af000-0x442fefff]
[    0.028950] PM: hibernation: Registered nosave memory: [mem 0x442ff000-0x44b2efff]
[    0.028950] PM: hibernation: Registered nosave memory: [mem 0x44b2f000-0x44bfefff]
[    0.028951] PM: hibernation: Registered nosave memory: [mem 0x44c00000-0x48ffffff]
[    0.028952] PM: hibernation: Registered nosave memory: [mem 0x49000000-0x49dfffff]
[    0.028952] PM: hibernation: Registered nosave memory: [mem 0x49e00000-0x4f7fffff]
[    0.028953] PM: hibernation: Registered nosave memory: [mem 0x4f800000-0xfe00ffff]
[    0.028953] PM: hibernation: Registered nosave memory: [mem 0xfe010000-0xfe010fff]
[    0.028954] PM: hibernation: Registered nosave memory: [mem 0xfe011000-0xfed1ffff]
[    0.028954] PM: hibernation: Registered nosave memory: [mem 0xfed20000-0xfed7ffff]
[    0.028955] PM: hibernation: Registered nosave memory: [mem 0xfed80000-0xffffffff]
[    0.028956] [mem 0x4f800000-0xfe00ffff] available for PCI devices
[    0.028957] Booting paravirtualized kernel on bare hardware
[    0.028958] clocksource: refined-jiffies: mask: 0xffffffff max_cycles: 0xffffffff, max_idle_ns: 1910969940391419 ns
[    0.028963] setup_percpu: NR_CPUS:8192 nr_cpumask_bits:16 nr_cpu_ids:16 nr_node_ids:1
[    0.029892] percpu: Embedded 86 pages/cpu s229376 r8192 d114688 u524288
[    0.029896] pcpu-alloc: s229376 r8192 d114688 u524288 alloc=1*2097152
[    0.029897] pcpu-alloc: [0] 00 01 02 03 [0] 04 05 06 07 
[    0.029901] pcpu-alloc: [0] 08 09 10 11 [0] 12 13 14 15 
[    0.029912] Kernel command line: BOOT_IMAGE=/boot/vmlinuz-6.8.0-51-generic root=UUID=4700bc3d-0bda-4501-a7da-463566e99c90 ro quiet splash
[    0.029958] Unknown kernel command line parameters "splash BOOT_IMAGE=/boot/vmlinuz-6.8.0-51-generic", will be passed to user space.
[    0.031288] Dentry cache hash table entries: 2097152 (order: 12, 16777216 bytes, linear)
[    0.031936] Inode-cache hash table entries: 1048576 (order: 11, 8388608 bytes, linear)
[    0.032094] Fallback order for Node 0: 0 
[    0.032097] Built 1 zonelists, mobility grouping on.  Total pages: 4072993
[    0.032097] Policy zone: Normal
[    0.032102] mem auto-init: stack:all(zero), heap alloc:on, heap free:off
[    0.032110] software IO TLB: area num 16.
[    0.066930] Memory: 15975104K/16551224K available (22528K kernel code, 4442K rwdata, 14332K rodata, 4976K init, 4732K bss, 575860K reserved, 0K cma-reserved)
[    0.067534] SLUB: HWalign=64, Order=0-3, MinObjects=0, CPUs=16, Nodes=1
[    0.067554] ftrace: allocating 57955 entries in 227 pages
[    0.075012] ftrace: allocated 227 pages with 5 groups
[    0.075711] Dynamic Preempt: voluntary
[    0.075778] rcu: Preemptible hierarchical RCU implementation.
[    0.075779] rcu: 	RCU restricting CPUs from NR_CPUS=8192 to nr_cpu_ids=16.
[    0.075780] 	Trampoline variant of Tasks RCU enabled.
[    0.075781] 	Rude variant of Tasks RCU enabled.
[    0.075781] 	Tracing variant of Tasks RCU enabled.
[    0.075781] rcu: RCU calculated value of scheduler-enlistment delay is 100 jiffies.
[    0.075782] rcu: Adjusting geometry for rcu_fanout_leaf=16, nr_cpu_ids=16
[    0.077565] NR_IRQS: 524544, nr_irqs: 2184, preallocated irqs: 16
[    0.077857] rcu: srcu_init: Setting srcu_struct sizes based on contention.
[    0.078090] Console: colour dummy device 80x25
[    0.078091] printk: legacy console [tty0] enabled
[    0.078128] ACPI: Core revision 20230628
[    0.078396] hpet: HPET dysfunctional in PC10. Force disabled.
[    0.078397] APIC: Switch to symmetric I/O mode setup
[    0.078398] DMAR: Host address width 39
[    0.078399] DMAR: DRHD base: 0x000000fed90000 flags: 0x0
[    0.078407] DMAR: dmar0: reg_base_addr fed90000 ver 4:0 cap 1c0000c40660462 ecap 29a00f0505e
[    0.078409] DMAR: DRHD base: 0x000000fed91000 flags: 0x1
[    0.078415] DMAR: dmar1: reg_base_addr fed91000 ver 1:0 cap d2008c40660462 ecap f050da
[    0.078417] DMAR: RMRR base: 0x0000004b000000 end: 0x0000004f7fffff
[    0.078419] DMAR-IR: IOAPIC id 2 under DRHD base  0xfed91000 IOMMU 1
[    0.078420] DMAR-IR: HPET id 0 under DRHD base 0xfed91000
[    0.078421] DMAR-IR: Queued invalidation will be enabled to support x2apic and Intr-remapping.
[    0.080038] DMAR-IR: Enabled IRQ remapping in x2apic mode
[    0.080040] x2apic enabled
[    0.080103] APIC: Switched APIC routing to: cluster x2apic
[    0.084602] clocksource: tsc-early: mask: 0xffffffffffffffff max_cycles: 0x2135f7c97c8, max_idle_ns: 440795273205 ns
[    0.084607] Calibrating delay loop (skipped), value calculated using timer frequency.. 4608.00 BogoMIPS (lpj=2304000)
[    0.084633] CPU0: Thermal monitoring enabled (TM1)
[    0.084635] x86/cpu: User Mode Instruction Prevention (UMIP) activated
[    0.084730] process: using mwait in idle threads
[    0.084732] Last level iTLB entries: 4KB 0, 2MB 0, 4MB 0
[    0.084733] Last level dTLB entries: 4KB 0, 2MB 0, 4MB 0, 1GB 0
[    0.084736] Spectre V1 : Mitigation: usercopy/swapgs barriers and __user pointer sanitization
[    0.084738] Spectre V2 : Spectre BHI mitigation: SW BHB clearing on vm exit
[    0.084738] Spectre V2 : Spectre BHI mitigation: SW BHB clearing on syscall
[    0.084739] Spectre V2 : Mitigation: Enhanced / Automatic IBRS
[    0.084739] Spectre V2 : Spectre v2 / SpectreRSB mitigation: Filling RSB on context switch
[    0.084740] Spectre V2 : Spectre v2 / PBRSB-eIBRS: Retire a single CALL on VMEXIT
[    0.084741] Spectre V2 : mitigation: Enabling conditional Indirect Branch Prediction Barrier
[    0.084742] Speculative Store Bypass: Mitigation: Speculative Store Bypass disabled via prctl
[    0.084744] GDS: Mitigation: Microcode
[    0.084750] x86/fpu: Supporting XSAVE feature 0x001: 'x87 floating point registers'
[    0.084751] x86/fpu: Supporting XSAVE feature 0x002: 'SSE registers'
[    0.084751] x86/fpu: Supporting XSAVE feature 0x004: 'AVX registers'
[    0.084752] x86/fpu: Supporting XSAVE feature 0x020: 'AVX-512 opmask'
[    0.084752] x86/fpu: Supporting XSAVE feature 0x040: 'AVX-512 Hi256'
[    0.084753] x86/fpu: Supporting XSAVE feature 0x080: 'AVX-512 ZMM_Hi256'
[    0.084754] x86/fpu: Supporting XSAVE feature 0x200: 'Protection Keys User registers'
[    0.084754] x86/fpu: Supporting XSAVE feature 0x800: 'Control-flow User registers'
[    0.084755] x86/fpu: xstate_offset[2]:  576, xstate_sizes[2]:  256
[    0.084756] x86/fpu: xstate_offset[5]:  832, xstate_sizes[5]:   64
[    0.084757] x86/fpu: xstate_offset[6]:  896, xstate_sizes[6]:  512
[    0.084757] x86/fpu: xstate_offset[7]: 1408, xstate_sizes[7]: 1024
[    0.084758] x86/fpu: xstate_offset[9]: 2432, xstate_sizes[9]:    8
[    0.084759] x86/fpu: xstate_offset[11]: 2440, xstate_sizes[11]:   16
[    0.084760] x86/fpu: Enabled xstate features 0xae7, context size is 2456 bytes, using 'compacted' format.
[    0.085605] Freeing SMP alternatives memory: 48K
[    0.085605] pid_max: default: 32768 minimum: 301
[    0.085605] LSM: initializing lsm=lockdown,capability,landlock,yama,apparmor,integrity
[    0.085605] landlock: Up and running.
[    0.085605] Yama: becoming mindful.
[    0.085605] AppArmor: AppArmor initialized
[    0.085605] Mount-cache hash table entries: 32768 (order: 6, 262144 bytes, linear)
[    0.085605] Mountpoint-cache hash table entries: 32768 (order: 6, 262144 bytes, linear)
[    0.085605] smpboot: CPU0: 11th Gen Intel(R) Core(TM) i7-11800H @ 2.30GHz (family: 0x6, model: 0x8d, stepping: 0x1)
[    0.085605] RCU Tasks: Setting shift to 4 and lim to 1 rcu_task_cb_adjust=1.
[    0.085605] RCU Tasks Rude: Setting shift to 4 and lim to 1 rcu_task_cb_adjust=1.
[    0.085605] RCU Tasks Trace: Setting shift to 4 and lim to 1 rcu_task_cb_adjust=1.
[    0.085605] Performance Events: PEBS fmt4+-baseline,  AnyThread deprecated, Icelake events, 32-deep LBR, full-width counters, Intel PMU driver.
[    0.085605] ... version:                5
[    0.085605] ... bit width:              48
[    0.085605] ... generic registers:      8
[    0.085605] ... value mask:             0000ffffffffffff
[    0.085605] ... max period:             00007fffffffffff
[    0.085605] ... fixed-purpose events:   4
[    0.085605] ... event mask:             0001000f000000ff
[    0.085605] signal: max sigframe size: 3632
[    0.085605] Estimated ratio of average max frequency by base frequency (times 1024): 2003
[    0.085693] rcu: Hierarchical SRCU implementation.
[    0.085694] rcu: 	Max phase no-delay instances is 400.
[    0.086316] NMI watchdog: Enabled. Permanently consumes one hw-PMU counter.
[    0.086409] smp: Bringing up secondary CPUs ...
[    0.086467] smpboot: x86: Booting SMP configuration:
[    0.086468] .... node  #0, CPUs:        #1  #2  #3  #4  #5  #6  #7  #8  #9 #10 #11 #12 #13 #14 #15
[    0.094612] smp: Brought up 1 node, 16 CPUs
[    0.094617] smpboot: Max logical packages: 1
[    0.094618] smpboot: Total of 16 processors activated (73728.00 BogoMIPS)
[    0.096056] devtmpfs: initialized
[    0.096056] x86/mm: Memory block size: 128MB
[    0.097146] ACPI: PM: Registering ACPI NVS region [mem 0x442ff000-0x44b2efff] (8585216 bytes)
[    0.097146] clocksource: jiffies: mask: 0xffffffff max_cycles: 0xffffffff, max_idle_ns: 1911260446275000 ns
[    0.097146] futex hash table entries: 4096 (order: 6, 262144 bytes, linear)
[    0.097146] pinctrl core: initialized pinctrl subsystem
[    0.097146] PM: RTC time: 15:27:10, date: 2025-01-20
[    0.097862] NET: Registered PF_NETLINK/PF_ROUTE protocol family
[    0.098028] DMA: preallocated 2048 KiB GFP_KERNEL pool for atomic allocations
[    0.098117] DMA: preallocated 2048 KiB GFP_KERNEL|GFP_DMA pool for atomic allocations
[    0.098204] DMA: preallocated 2048 KiB GFP_KERNEL|GFP_DMA32 pool for atomic allocations
[    0.098211] audit: initializing netlink subsys (disabled)
[    0.098215] audit: type=2000 audit(1737386830.013:1): state=initialized audit_enabled=0 res=1
[    0.098215] thermal_sys: Registered thermal governor 'fair_share'
[    0.098215] thermal_sys: Registered thermal governor 'bang_bang'
[    0.098215] thermal_sys: Registered thermal governor 'step_wise'
[    0.098215] thermal_sys: Registered thermal governor 'user_space'
[    0.098215] thermal_sys: Registered thermal governor 'power_allocator'
[    0.098215] EISA bus registered
[    0.098215] cpuidle: using governor ladder
[    0.098215] cpuidle: using governor menu
[    0.098215] acpiphp: ACPI Hot Plug PCI Controller Driver version: 0.5
[    0.098215] PCI: ECAM [mem 0xc0000000-0xcfffffff] (base 0xc0000000) for domain 0000 [bus 00-ff]
[    0.098215] PCI: Using configuration type 1 for base access
[    0.098215] kprobes: kprobe jump-optimization is enabled. All kprobes are optimized if possible.
[    0.098657] HugeTLB: registered 1.00 GiB page size, pre-allocated 0 pages
[    0.098657] HugeTLB: 16380 KiB vmemmap can be freed for a 1.00 GiB page
[    0.098657] HugeTLB: registered 2.00 MiB page size, pre-allocated 0 pages
[    0.098657] HugeTLB: 28 KiB vmemmap can be freed for a 2.00 MiB page
[    0.098850] ACPI: Added _OSI(Module Device)
[    0.098850] ACPI: Added _OSI(Processor Device)
[    0.098850] ACPI: Added _OSI(3.0 _SCP Extensions)
[    0.098850] ACPI: Added _OSI(Processor Aggregator Device)
[    0.153443] ACPI BIOS Error (bug): Failure creating named object [\_SB.PC00.XHCI.RHUB.HS14._UPC], AE_ALREADY_EXISTS (20230628/dswload2-326)
[    0.153448] ACPI Error: AE_ALREADY_EXISTS, During name lookup/catalog (20230628/psobject-220)
[    0.153450] ACPI: Skipping parse of AML opcode: Method (0x0014)
[    0.153452] ACPI BIOS Error (bug): Failure creating named object [\_SB.PC00.XHCI.RHUB.HS14._PLD], AE_ALREADY_EXISTS (20230628/dswload2-326)
[    0.153454] ACPI Error: AE_ALREADY_EXISTS, During name lookup/catalog (20230628/psobject-220)
[    0.153455] ACPI: Skipping parse of AML opcode: Method (0x0014)
[    0.155230] ACPI: 19 ACPI AML tables successfully acquired and loaded
[    0.163952] ACPI: Dynamic OEM Table Load:
[    0.163961] ACPI: SSDT 0xFFFF8F2041CAA400 000386 (v02 PmRef  Cpu0Cst  00003001 INTL 20160422)
[    0.164902] ACPI: Dynamic OEM Table Load:
[    0.164908] ACPI: SSDT 0xFFFF8F204271A800 00051E (v02 PmRef  Cpu0Ist  00003000 INTL 20160422)
[    0.165802] ACPI: Dynamic OEM Table Load:
[    0.165807] ACPI: SSDT 0xFFFF8F204020BA00 0001C6 (v02 PmRef  Cpu0Psd  00003000 INTL 20160422)
[    0.166614] ACPI: Dynamic OEM Table Load:
[    0.166619] ACPI: SSDT 0xFFFF8F2041CA9400 00028B (v02 PmRef  Cpu0Hwp  00003000 INTL 20160422)
[    0.167601] ACPI: Dynamic OEM Table Load:
[    0.167609] ACPI: SSDT 0xFFFF8F2042721000 0008E7 (v02 PmRef  ApIst    00003000 INTL 20160422)
[    0.168579] ACPI: Dynamic OEM Table Load:
[    0.168584] ACPI: SSDT 0xFFFF8F2042719800 00048A (v02 PmRef  ApHwp    00003000 INTL 20160422)
[    0.169489] ACPI: Dynamic OEM Table Load:
[    0.169494] ACPI: SSDT 0xFFFF8F204271C000 0004D4 (v02 PmRef  ApPsd    00003000 INTL 20160422)
[    0.170394] ACPI: Dynamic OEM Table Load:
[    0.170399] ACPI: SSDT 0xFFFF8F2042718000 00048A (v02 PmRef  ApCst    00003000 INTL 20160422)
[    0.177764] ACPI: _OSC evaluated successfully for all CPUs
[    0.178579] ACPI: EC: EC started
[    0.178579] ACPI: EC: interrupt blocked
[    0.179415] ACPI: EC: EC_CMD/EC_SC=0x66, EC_DATA=0x62
[    0.179416] ACPI: \_SB_.PC00.LPCB.EC0_: Boot DSDT EC used to handle transactions
[    0.179417] ACPI: Interpreter enabled
[    0.179457] ACPI: PM: (supports S0 S3 S4 S5)
[    0.179458] ACPI: Using IOAPIC for interrupt routing
[    0.180607] PCI: Using host bridge windows from ACPI; if necessary, use "pci=nocrs" and report a bug
[    0.180608] PCI: Using E820 reservations for host bridge windows
[    0.183464] ACPI: Enabled 9 GPEs in block 00 to 7F
[    0.184531] ACPI: \_SB_.PC00.PEG1.PG01: New power resource
[    0.192188] ACPI: \_SB_.PC00.XHCI.RHUB.HS14.BTRT: New power resource
[    0.199980] ACPI: \_SB_.PC00.SAT0.VOL0.V0PR: New power resource
[    0.200073] ACPI: \_SB_.PC00.SAT0.VOL1.V1PR: New power resource
[    0.200163] ACPI: \_SB_.PC00.SAT0.VOL2.V2PR: New power resource
[    0.206989] ACPI: \_SB_.PC00.CNVW.WRST: New power resource
[    0.207234] acpi ABCD0000:00: ACPI dock station (docks/bays count: 1)
[    0.214177] ACPI: \_SB_.PC00.VMD0.VOL0.V0PR: New power resource
[    0.214220] ACPI: \_SB_.PC00.VMD0.VOL1.V1PR: New power resource
[    0.214262] ACPI: \_SB_.PC00.VMD0.VOL2.V2PR: New power resource
[    0.214304] ACPI: \_SB_.PC00.VMD0.VOL3.V3PR: New power resource
[    0.214396] ACPI: \_SB_.PC00.TBT0: New power resource
[    0.214439] ACPI: \_SB_.PC00.TBT1: New power resource
[    0.214478] ACPI: \_SB_.PC00.D3C_: New power resource
[    0.222715] ACPI: \_TZ_.FN00: New power resource
[    0.222761] ACPI: \_TZ_.FN01: New power resource
[    0.222808] ACPI: \_TZ_.FN02: New power resource
[    0.222851] ACPI: \_TZ_.FN03: New power resource
[    0.222895] ACPI: \_TZ_.FN04: New power resource
[    0.223326] ACPI: \PIN_: New power resource
[    0.223380] ACPI Error: Field [AFU0] Base+Offset+Width 512+0+1 is beyond end of region [COMP] (length 512) (20230628/exfldio-163)

[    0.223384] No Local Variables are initialized for Method [_STA]

[    0.223385] No Arguments are initialized for method [_STA]

[    0.223386] ACPI Error: Aborting method \AFUB._STA due to previous error (AE_AML_REGION_LIMIT) (20230628/psparse-529)
[    0.223880] ACPI: PCI Root Bridge [PC00] (domain 0000 [bus 00-e0])
[    0.223885] acpi PNP0A08:00: _OSC: OS supports [ExtendedConfig ASPM ClockPM Segments MSI EDR HPX-Type3]
[    0.225608] acpi PNP0A08:00: _OSC: platform does not support [AER]
[    0.229037] acpi PNP0A08:00: _OSC: OS now controls [PCIeHotplug SHPCHotplug PME PCIeCapability LTR DPC]
[    0.232609] PCI host bridge to bus 0000:00
[    0.232611] pci_bus 0000:00: root bus resource [io  0x0000-0x0cf7 window]
[    0.232612] pci_bus 0000:00: root bus resource [io  0x0d00-0xffff window]
[    0.232613] pci_bus 0000:00: root bus resource [mem 0x000a0000-0x000bffff window]
[    0.232614] pci_bus 0000:00: root bus resource [mem 0x4f800000-0xbfffffff window]
[    0.232615] pci_bus 0000:00: root bus resource [mem 0x4000000000-0x7fffffffff window]
[    0.232616] pci_bus 0000:00: root bus resource [bus 00-e0]
[    0.232717] pci 0000:00:00.0: [8086:9a36] type 00 class 0x060000 conventional PCI endpoint
[    0.232800] pci 0000:00:01.0: [8086:9a01] type 01 class 0x060400 PCIe Root Port
[    0.232814] pci 0000:00:01.0: PCI bridge to [bus 01]
[    0.232817] pci 0000:00:01.0:   bridge window [io  0x4000-0x4fff]
[    0.232818] pci 0000:00:01.0:   bridge window [mem 0x52000000-0x530fffff]
[    0.232823] pci 0000:00:01.0:   bridge window [mem 0x6000000000-0x6101ffffff 64bit pref]
[    0.232869] pci 0000:00:01.0: PME# supported from D0 D3hot D3cold
[    0.232891] pci 0000:00:01.0: PTM enabled (root), 4ns granularity
[    0.233320] pci 0000:00:02.0: [8086:9a60] type 00 class 0x030000 PCIe Root Complex Integrated Endpoint
[    0.233328] pci 0000:00:02.0: BAR 0 [mem 0x6104000000-0x6104ffffff 64bit]
[    0.233333] pci 0000:00:02.0: BAR 2 [mem 0x4000000000-0x400fffffff 64bit pref]
[    0.233336] pci 0000:00:02.0: BAR 4 [io  0x5000-0x503f]
[    0.233351] pci 0000:00:02.0: DMAR: Skip IOMMU disabling for graphics
[    0.233354] pci 0000:00:02.0: Video device with shadowed ROM at [mem 0x000c0000-0x000dffff]
[    0.233377] pci 0000:00:02.0: VF BAR 0 [mem 0x00000000-0x00ffffff 64bit]
[    0.233378] pci 0000:00:02.0: VF BAR 0 [mem 0x00000000-0x06ffffff 64bit]: contains BAR 0 for 7 VFs
[    0.233383] pci 0000:00:02.0: VF BAR 2 [mem 0x00000000-0x1fffffff 64bit pref]
[    0.233384] pci 0000:00:02.0: VF BAR 2 [mem 0x00000000-0xdfffffff 64bit pref]: contains BAR 2 for 7 VFs
[    0.233503] pci 0000:00:04.0: [8086:9a03] type 00 class 0x118000 conventional PCI endpoint
[    0.233521] pci 0000:00:04.0: BAR 0 [mem 0x6105200000-0x610521ffff 64bit]
[    0.233781] pci 0000:00:08.0: [8086:9a11] type 00 class 0x088000 conventional PCI endpoint
[    0.233789] pci 0000:00:08.0: BAR 0 [mem 0x6105243000-0x6105243fff 64bit]
[    0.233889] pci 0000:00:0d.0: [8086:9a17] type 00 class 0x0c0330 conventional PCI endpoint
[    0.233902] pci 0000:00:0d.0: BAR 0 [mem 0x6105220000-0x610522ffff 64bit]
[    0.233962] pci 0000:00:0d.0: PME# supported from D3hot D3cold
[    0.234308] pci 0000:00:0e.0: [8086:9a0b] type 00 class 0x010400 PCIe Root Complex Integrated Endpoint
[    0.234320] pci 0000:00:0e.0: BAR 0 [mem 0x6102000000-0x6103ffffff 64bit]
[    0.234326] pci 0000:00:0e.0: BAR 2 [mem 0x50000000-0x51ffffff]
[    0.234339] pci 0000:00:0e.0: BAR 4 [mem 0x6105100000-0x61051fffff 64bit]
[    0.234547] pci 0000:00:14.0: [8086:43ed] type 00 class 0x0c0330 conventional PCI endpoint
[    0.234565] pci 0000:00:14.0: BAR 0 [mem 0x53280000-0x5328ffff 64bit]
[    0.234637] pci 0000:00:14.0: PME# supported from D3hot D3cold
[    0.234977] pci 0000:00:14.2: [8086:43ef] type 00 class 0x050000 conventional PCI endpoint
[    0.234997] pci 0000:00:14.2: BAR 0 [mem 0x6105238000-0x610523bfff 64bit]
[    0.235012] pci 0000:00:14.2: BAR 2 [mem 0x6105242000-0x6105242fff 64bit]
[    0.235157] pci 0000:00:14.3: [8086:43f0] type 00 class 0x028000 PCIe Root Complex Integrated Endpoint
[    0.235179] pci 0000:00:14.3: BAR 0 [mem 0x6105234000-0x6105237fff 64bit]
[    0.235306] pci 0000:00:14.3: PME# supported from D0 D3hot D3cold
[    0.235560] pci 0000:00:15.0: [8086:43e8] type 00 class 0x0c8000 conventional PCI endpoint
[    0.235587] pci 0000:00:15.0: BAR 0 [mem 0x00000000-0x00000fff 64bit]
[    0.236005] pci 0000:00:15.1: [8086:43e9] type 00 class 0x0c8000 conventional PCI endpoint
[    0.236034] pci 0000:00:15.1: BAR 0 [mem 0x00000000-0x00000fff 64bit]
[    0.236376] pci 0000:00:16.0: [8086:43e0] type 00 class 0x078000 conventional PCI endpoint
[    0.236397] pci 0000:00:16.0: BAR 0 [mem 0x610523f000-0x610523ffff 64bit]
[    0.236478] pci 0000:00:16.0: PME# supported from D3hot
[    0.236797] pci 0000:00:17.0: [8086:09ab] type 00 class 0x088000 conventional PCI endpoint
[    0.237279] pci 0000:00:1c.0: [8086:43bc] type 01 class 0x060400 PCIe Root Port
[    0.237305] pci 0000:00:1c.0: PCI bridge to [bus 02]
[    0.237309] pci 0000:00:1c.0:   bridge window [io  0x3000-0x3fff]
[    0.237312] pci 0000:00:1c.0:   bridge window [mem 0x53100000-0x531fffff]
[    0.237395] pci 0000:00:1c.0: PME# supported from D0 D3hot D3cold
[    0.237433] pci 0000:00:1c.0: PTM enabled (root), 4ns granularity
[    0.238076] pci 0000:00:1e.0: [8086:43a8] type 00 class 0x078000 conventional PCI endpoint
[    0.238104] pci 0000:00:1e.0: BAR 0 [mem 0x00000000-0x00000fff 64bit]
[    0.238615] pci 0000:00:1e.3: [8086:43ab] type 00 class 0x0c8000 conventional PCI endpoint
[    0.238644] pci 0000:00:1e.3: BAR 0 [mem 0x00000000-0x00000fff 64bit]
[    0.238968] pci 0000:00:1f.0: [8086:438b] type 00 class 0x060100 conventional PCI endpoint
[    0.239263] pci 0000:00:1f.3: [8086:43c8] type 00 class 0x040380 conventional PCI endpoint
[    0.239304] pci 0000:00:1f.3: BAR 0 [mem 0x6105230000-0x6105233fff 64bit]
[    0.239356] pci 0000:00:1f.3: BAR 4 [mem 0x6105000000-0x61050fffff 64bit]
[    0.239456] pci 0000:00:1f.3: PME# supported from D3hot D3cold
[    0.239808] pci 0000:00:1f.4: [8086:43a3] type 00 class 0x0c0500 conventional PCI endpoint
[    0.239831] pci 0000:00:1f.4: BAR 0 [mem 0x610523c000-0x610523c0ff 64bit]
[    0.239858] pci 0000:00:1f.4: BAR 4 [io  0xefa0-0xefbf]
[    0.240058] pci 0000:00:1f.5: [8086:43a4] type 00 class 0x0c8000 conventional PCI endpoint
[    0.240076] pci 0000:00:1f.5: BAR 0 [mem 0xfe010000-0xfe010fff]
[    0.240219] pci 0000:01:00.0: [10de:25a0] type 00 class 0x030000 PCIe Legacy Endpoint
[    0.240227] pci 0000:01:00.0: BAR 0 [mem 0x52000000-0x52ffffff]
[    0.240235] pci 0000:01:00.0: BAR 1 [mem 0x6000000000-0x60ffffffff 64bit pref]
[    0.240242] pci 0000:01:00.0: BAR 3 [mem 0x6100000000-0x6101ffffff 64bit pref]
[    0.240247] pci 0000:01:00.0: BAR 5 [io  0x4000-0x407f]
[    0.240252] pci 0000:01:00.0: ROM [mem 0xfff80000-0xffffffff pref]
[    0.240300] pci 0000:01:00.0: PME# supported from D0 D3hot
[    0.240362] pci 0000:01:00.0: 126.024 Gb/s available PCIe bandwidth, limited by 16.0 GT/s PCIe x8 link at 0000:00:01.0 (capable of 252.048 Gb/s with 16.0 GT/s PCIe x16 link)
[    0.240506] pci 0000:01:00.1: [10de:2291] type 00 class 0x040300 PCIe Endpoint
[    0.240514] pci 0000:01:00.1: BAR 0 [mem 0x53000000-0x53003fff]
[    0.240610] pci 0000:00:01.0: PCI bridge to [bus 01]
[    0.240687] pci 0000:02:00.0: [10ec:2600] type 00 class 0x020000 PCIe Endpoint
[    0.240708] pci 0000:02:00.0: BAR 0 [io  0x3000-0x30ff]
[    0.240738] pci 0000:02:00.0: BAR 2 [mem 0x53104000-0x53104fff 64bit]
[    0.240756] pci 0000:02:00.0: BAR 4 [mem 0x53100000-0x53103fff 64bit]
[    0.240880] pci 0000:02:00.0: supports D1 D2
[    0.240881] pci 0000:02:00.0: PME# supported from D0 D1 D2 D3hot D3cold
[    0.241103] pci 0000:00:1c.0: PCI bridge to [bus 02]
[    0.244440] ACPI Error: Field [AFU0] Base+Offset+Width 512+0+1 is beyond end of region [COMP] (length 512) (20230628/exfldio-163)

[    0.244445] No Local Variables are initialized for Method [_STA]

[    0.244446] No Arguments are initialized for method [_STA]

[    0.244447] ACPI Error: Aborting method \AFUB._STA due to previous error (AE_AML_REGION_LIMIT) (20230628/psparse-529)
[    0.251063] ACPI: EC: interrupt unblocked
[    0.251064] ACPI: EC: event unblocked
[    0.251086] ACPI: EC: EC_CMD/EC_SC=0x66, EC_DATA=0x62
[    0.251087] ACPI: EC: GPE=0x6e
[    0.251088] ACPI: \_SB_.PC00.LPCB.EC0_: Boot DSDT EC initialization complete
[    0.251089] ACPI: \_SB_.PC00.LPCB.EC0_: EC: Used to handle transactions and events
[    0.251150] iommu: Default domain type: Translated
[    0.251150] iommu: DMA domain TLB invalidation policy: lazy mode
[    0.251150] SCSI subsystem initialized
[    0.251150] libata version 3.00 loaded.
[    0.251150] ACPI: bus type USB registered
[    0.251150] usbcore: registered new interface driver usbfs
[    0.251150] usbcore: registered new interface driver hub
[    0.251150] usbcore: registered new device driver usb
[    0.251150] pps_core: LinuxPPS API ver. 1 registered
[    0.251150] pps_core: Software ver. 5.3.6 - Copyright 2005-2007 Rodolfo Giometti <giometti@linux.it>
[    0.251150] PTP clock support registered
[    0.251150] EDAC MC: Ver: 3.0.0
[    0.251607] efivars: Registered efivars operations
[    0.251747] NetLabel: Initializing
[    0.251748] NetLabel:  domain hash size = 128
[    0.251749] NetLabel:  protocols = UNLABELED CIPSOv4 CALIPSO
[    0.251762] NetLabel:  unlabeled traffic allowed by default
[    0.251769] mctp: management component transport protocol core
[    0.251769] NET: Registered PF_MCTP protocol family
[    0.251769] PCI: Using ACPI for IRQ routing
[    0.272032] PCI: pci_cache_line_size set to 64 bytes
[    0.272192] pci 0000:00:1f.5: BAR 0 [mem 0xfe010000-0xfe010fff]: can't claim; no compatible bridge window
[    0.272340] e820: reserve RAM buffer [mem 0x0009f000-0x0009ffff]
[    0.272342] e820: reserve RAM buffer [mem 0x37a53018-0x37ffffff]
[    0.272342] e820: reserve RAM buffer [mem 0x38f99000-0x3bffffff]
[    0.272343] e820: reserve RAM buffer [mem 0x3cf5e000-0x3fffffff]
[    0.272344] e820: reserve RAM buffer [mem 0x3e12e000-0x3fffffff]
[    0.272344] e820: reserve RAM buffer [mem 0x424af000-0x43ffffff]
[    0.272345] e820: reserve RAM buffer [mem 0x44c00000-0x47ffffff]
[    0.272346] e820: reserve RAM buffer [mem 0x4b0800000-0x4b3ffffff]
[    0.272363] pci 0000:00:02.0: vgaarb: setting as boot VGA device
[    0.272363] pci 0000:00:02.0: vgaarb: bridge control possible
[    0.272363] pci 0000:00:02.0: vgaarb: VGA device added: decodes=io+mem,owns=io+mem,locks=none
[    0.272363] pci 0000:01:00.0: vgaarb: bridge control possible
[    0.272363] pci 0000:01:00.0: vgaarb: VGA device added: decodes=io+mem,owns=none,locks=none
[    0.272363] vgaarb: loaded
[    0.272363] clocksource: Switched to clocksource tsc-early
[    0.272363] VFS: Disk quotas dquot_6.6.0
[    0.272363] VFS: Dquot-cache hash table entries: 512 (order 0, 4096 bytes)
[    0.272363] AppArmor: AppArmor Filesystem Enabled
[    0.272363] pnp: PnP ACPI init
[    0.272363] system 00:00: [io  0x0680-0x069f] has been reserved
[    0.272363] system 00:00: [io  0x164e-0x164f] has been reserved
[    0.272363] system 00:00: [io  0xfd60-0xfd63] has been reserved
[    0.272453] system 00:02: [io  0x1854-0x1857] has been reserved
[    0.272945] pnp 00:04: disabling [mem 0xc0000000-0xcfffffff] because it overlaps 0000:00:02.0 BAR 9 [mem 0x00000000-0xdfffffff 64bit pref]
[    0.272945] system 00:04: [mem 0xfedc0000-0xfedc7fff] has been reserved
[    0.272945] system 00:04: [mem 0xfeda0000-0xfeda0fff] has been reserved
[    0.272945] system 00:04: [mem 0xfeda1000-0xfeda1fff] has been reserved
[    0.272945] system 00:04: [mem 0xfed20000-0xfed7ffff] could not be reserved
[    0.272945] system 00:04: [mem 0xfed90000-0xfed93fff] could not be reserved
[    0.272945] system 00:04: [mem 0xfed45000-0xfed8ffff] could not be reserved
[    0.272945] system 00:04: [mem 0xfee00000-0xfeefffff] has been reserved
[    0.273963] system 00:05: [io  0x1800-0x18fe] could not be reserved
[    0.273964] system 00:05: [mem 0xfe000000-0xfe01ffff] could not be reserved
[    0.273965] system 00:05: [mem 0xfe04c000-0xfe04ffff] has been reserved
[    0.273966] system 00:05: [mem 0xfe050000-0xfe0affff] has been reserved
[    0.273967] system 00:05: [mem 0xfe0d0000-0xfe0fffff] has been reserved
[    0.273968] system 00:05: [mem 0xfe200000-0xfe7fffff] has been reserved
[    0.273968] system 00:05: [mem 0xff000000-0xffffffff] has been reserved
[    0.273969] system 00:05: [mem 0xfd000000-0xfd68ffff] has been reserved
[    0.273970] system 00:05: [mem 0xfd6c0000-0xfd6cffff] has been reserved
[    0.273971] system 00:05: [mem 0xfd6f0000-0xfdffffff] has been reserved
[    0.274197] system 00:06: [io  0x2000-0x20fe] has been reserved
[    0.274582] ACPI Error: Field [AFU0] Base+Offset+Width 512+0+1 is beyond end of region [COMP] (length 512) (20230628/exfldio-163)

[    0.274586] No Local Variables are initialized for Method [_STA]

[    0.274587] No Arguments are initialized for method [_STA]

[    0.274589] ACPI Error: Aborting method \AFUB._STA due to previous error (AE_AML_REGION_LIMIT) (20230628/psparse-529)
[    0.274592] ACPI Error: Method execution failed \AFUB._STA due to previous error (AE_AML_REGION_LIMIT) (20230628/uteval-68)
[    0.274595] pnp: PnP ACPI: found 8 devices
[    0.279840] clocksource: acpi_pm: mask: 0xffffff max_cycles: 0xffffff, max_idle_ns: 2085701024 ns
[    0.279876] NET: Registered PF_INET protocol family
[    0.279983] IP idents hash table entries: 262144 (order: 9, 2097152 bytes, linear)
[    0.290250] tcp_listen_portaddr_hash hash table entries: 8192 (order: 5, 131072 bytes, linear)
[    0.290266] Table-perturb hash table entries: 65536 (order: 6, 262144 bytes, linear)
[    0.290301] TCP established hash table entries: 131072 (order: 8, 1048576 bytes, linear)
[    0.290455] TCP bind hash table entries: 65536 (order: 9, 2097152 bytes, linear)
[    0.290569] TCP: Hash tables configured (established 131072 bind 65536)
[    0.290625] MPTCP token hash table entries: 16384 (order: 6, 393216 bytes, linear)
[    0.290655] UDP hash table entries: 8192 (order: 6, 262144 bytes, linear)
[    0.290684] UDP-Lite hash table entries: 8192 (order: 6, 262144 bytes, linear)
[    0.290731] NET: Registered PF_UNIX/PF_LOCAL protocol family
[    0.290735] NET: Registered PF_XDP protocol family
[    0.290737] pci 0000:01:00.0: ROM [mem 0xfff80000-0xffffffff pref]: can't claim; no compatible bridge window
[    0.290741] pci_bus 0000:00: max bus depth: 1 pci_try_num: 2
[    0.290747] pci 0000:00:02.0: VF BAR 2 [mem 0x4020000000-0x40ffffffff 64bit pref]: assigned
[    0.290749] pci 0000:00:02.0: VF BAR 0 [mem 0x4010000000-0x4016ffffff 64bit]: assigned
[    0.290751] pci 0000:00:15.0: BAR 0 [mem 0x4017000000-0x4017000fff 64bit]: assigned
[    0.290811] pci 0000:00:15.1: BAR 0 [mem 0x4017001000-0x4017001fff 64bit]: assigned
[    0.290872] pci 0000:00:1e.0: BAR 0 [mem 0x4017002000-0x4017002fff 64bit]: assigned
[    0.290889] pci 0000:00:1e.3: BAR 0 [mem 0x4017003000-0x4017003fff 64bit]: assigned
[    0.290903] resource: avoiding allocation from e820 entry [mem 0x0009f000-0x000fffff]
[    0.290904] pci 0000:00:1f.5: BAR 0 [mem 0x4f800000-0x4f800fff]: assigned
[    0.290915] pci 0000:01:00.0: ROM [mem 0x53080000-0x530fffff pref]: assigned
[    0.290917] pci 0000:00:01.0: PCI bridge to [bus 01]
[    0.290918] pci 0000:00:01.0:   bridge window [io  0x4000-0x4fff]
[    0.290920] pci 0000:00:01.0:   bridge window [mem 0x52000000-0x530fffff]
[    0.290922] pci 0000:00:01.0:   bridge window [mem 0x6000000000-0x6101ffffff 64bit pref]
[    0.290926] pci 0000:00:1c.0: PCI bridge to [bus 02]
[    0.290934] pci 0000:00:1c.0:   bridge window [io  0x3000-0x3fff]
[    0.290938] pci 0000:00:1c.0:   bridge window [mem 0x53100000-0x531fffff]
[    0.290944] pci_bus 0000:00: resource 4 [io  0x0000-0x0cf7 window]
[    0.290945] pci_bus 0000:00: resource 5 [io  0x0d00-0xffff window]
[    0.290946] pci_bus 0000:00: resource 6 [mem 0x000a0000-0x000bffff window]
[    0.290947] pci_bus 0000:00: resource 7 [mem 0x4f800000-0xbfffffff window]
[    0.290948] pci_bus 0000:00: resource 8 [mem 0x4000000000-0x7fffffffff window]
[    0.290949] pci_bus 0000:01: resource 0 [io  0x4000-0x4fff]
[    0.290950] pci_bus 0000:01: resource 1 [mem 0x52000000-0x530fffff]
[    0.290951] pci_bus 0000:01: resource 2 [mem 0x6000000000-0x6101ffffff 64bit pref]
[    0.290952] pci_bus 0000:02: resource 0 [io  0x3000-0x3fff]
[    0.290953] pci_bus 0000:02: resource 1 [mem 0x53100000-0x531fffff]
[    0.294036] pci 0000:01:00.1: extending delay after power-on from D3hot to 20 msec
[    0.294053] pci 0000:01:00.1: D0 power state depends on 0000:01:00.0
[    0.294064] PCI: CLS 64 bytes, default 64
[    0.294126] DMAR: No ATSR found
[    0.294127] DMAR: No SATC found
[    0.294128] DMAR: IOMMU feature fl1gp_support inconsistent
[    0.294129] DMAR: IOMMU feature pgsel_inv inconsistent
[    0.294129] DMAR: IOMMU feature nwfs inconsistent
[    0.294130] DMAR: IOMMU feature dit inconsistent
[    0.294131] DMAR: IOMMU feature sc_support inconsistent
[    0.294131] DMAR: IOMMU feature dev_iotlb_support inconsistent
[    0.294132] DMAR: dmar0: Using Queued invalidation
[    0.294135] DMAR: dmar1: Using Queued invalidation
[    0.294156] Trying to unpack rootfs image as initramfs...
[    0.294254] pci 0000:00:02.0: Adding to iommu group 0
[    0.294684] pci 0000:00:00.0: Adding to iommu group 1
[    0.294697] pci 0000:00:01.0: Adding to iommu group 2
[    0.294706] pci 0000:00:04.0: Adding to iommu group 3
[    0.294715] pci 0000:00:08.0: Adding to iommu group 4
[    0.294729] pci 0000:00:0d.0: Adding to iommu group 5
[    0.294738] pci 0000:00:0e.0: Adding to iommu group 6
[    0.294755] pci 0000:00:14.0: Adding to iommu group 7
[    0.294764] pci 0000:00:14.2: Adding to iommu group 7
[    0.294773] pci 0000:00:14.3: Adding to iommu group 8
[    0.294789] pci 0000:00:15.0: Adding to iommu group 9
[    0.294797] pci 0000:00:15.1: Adding to iommu group 9
[    0.294810] pci 0000:00:16.0: Adding to iommu group 10
[    0.294823] pci 0000:00:17.0: Adding to iommu group 11
[    0.294839] pci 0000:00:1c.0: Adding to iommu group 12
[    0.294855] pci 0000:00:1e.0: Adding to iommu group 13
[    0.294864] pci 0000:00:1e.3: Adding to iommu group 13
[    0.294888] pci 0000:00:1f.0: Adding to iommu group 14
[    0.294898] pci 0000:00:1f.3: Adding to iommu group 14
[    0.294908] pci 0000:00:1f.4: Adding to iommu group 14
[    0.294918] pci 0000:00:1f.5: Adding to iommu group 14
[    0.294935] pci 0000:01:00.0: Adding to iommu group 15
[    0.294946] pci 0000:01:00.1: Adding to iommu group 15
[    0.294963] pci 0000:02:00.0: Adding to iommu group 16
[    0.296550] DMAR: Intel(R) Virtualization Technology for Directed I/O
[    0.296552] PCI-DMA: Using software bounce buffering for IO (SWIOTLB)
[    0.296553] software IO TLB: mapped [mem 0x000000002ce3a000-0x0000000030e3a000] (64MB)
[    0.296680] resource: resource sanity check: requesting [mem 0x00000000fedc0000-0x00000000fedcdfff], which spans more than pnp 00:04 [mem 0xfedc0000-0xfedc7fff]
[    0.296683] caller __uncore_imc_init_box+0x100/0x150 mapping multiple BARs
[    0.297670] clocksource: tsc: mask: 0xffffffffffffffff max_cycles: 0x2135f7c97c8, max_idle_ns: 440795273205 ns
[    0.297695] clocksource: Switched to clocksource tsc
[    0.298082] Initialise system trusted keyrings
[    0.298092] Key type blacklist registered
[    0.298132] workingset: timestamp_bits=36 max_order=22 bucket_order=0
[    0.298139] zbud: loaded
[    0.298309] squashfs: version 4.0 (2009/01/31) Phillip Lougher
[    0.298387] fuse: init (API version 7.39)
[    0.298492] integrity: Platform Keyring initialized
[    0.298495] integrity: Machine keyring initialized
[    0.304485] Key type asymmetric registered
[    0.304486] Asymmetric key parser 'x509' registered
[    0.304498] Block layer SCSI generic (bsg) driver version 0.4 loaded (major 243)
[    0.304536] io scheduler mq-deadline registered
[    0.305885] pcieport 0000:00:01.0: PME: Signaling with IRQ 122
[    0.306053] pcieport 0000:00:1c.0: PME: Signaling with IRQ 123
[    0.306129] shpchp: Standard Hot Plug PCI Controller Driver version: 0.4
[    0.306291] Monitor-Mwait will be used to enter C-1 state
[    0.306298] Monitor-Mwait will be used to enter C-2 state
[    0.306302] Monitor-Mwait will be used to enter C-3 state
[    0.306305] ACPI: \_SB_.PR00: Found 3 idle states
[    0.307144] ACPI: AC: AC Adapter [ACAD] (on-line)
[    0.307176] input: Lid Switch as /devices/LNXSYSTM:00/LNXSYBUS:00/PNP0A08:00/device:1c/PNP0C0D:00/input/input0
[    0.307185] ACPI: button: Lid Switch [LID0]
[    0.307206] input: Sleep Button as /devices/LNXSYSTM:00/LNXSYBUS:00/PNP0C0E:00/input/input1
[    0.307214] ACPI: button: Sleep Button [SLPB]
[    0.307227] input: Power Button as /devices/LNXSYSTM:00/LNXSYBUS:00/PNP0C0C:00/input/input2
[    0.307331] ACPI: button: Power Button [PWRB]
[    0.307363] input: Power Button as /devices/LNXSYSTM:00/LNXPWRBN:00/input/input3
[    0.307490] ACPI: button: Power Button [PWRF]
[    0.311320] thermal LNXTHERM:00: registered as thermal_zone0
[    0.311321] ACPI: thermal: Thermal Zone [TZ00] (10 C)
[    0.311488] Serial: 8250/16550 driver, 32 ports, IRQ sharing enabled
[    0.312069] ACPI: battery: Slot [BAT1] (battery present)
[    0.312612] hpet_acpi_add: no address or irqs in _CRS
[    0.312628] Linux agpgart interface v0.103
[    0.317690] tpm tpm0: tpm_read_log_acpi: Failed to map ACPI memory
[    0.321365] loop: module loaded
[    0.321556] ACPI: bus type drm_connector registered
[    0.322447] tun: Universal TUN/TAP device driver, 1.6
[    0.322484] PPP generic driver version 2.4.2
[    0.322542] i8042: PNP: PS/2 Controller [PNP0303:PS2K] at 0x60,0x64 irq 1
[    0.322544] i8042: PNP: PS/2 appears to have AUX port disabled, if this is incorrect please boot with i8042.nopnp
[    0.323209] serio: i8042 KBD port at 0x60,0x64 irq 1
[    0.323269] mousedev: PS/2 mouse device common for all mice
[    0.323342] rtc_cmos 00:01: RTC can wake from S4
[    0.324215] rtc_cmos 00:01: registered as rtc0
[    0.324395] rtc_cmos 00:01: setting system clock to 2025-01-20T15:27:11 UTC (1737386831)
[    0.324424] rtc_cmos 00:01: alarms up to one month, y3k, 242 bytes nvram
[    0.324429] i2c_dev: i2c /dev entries driver
[    0.325330] device-mapper: core: CONFIG_IMA_DISABLE_HTABLE is disabled. Duplicate IMA measurements will not be recorded in the IMA log.
[    0.325337] device-mapper: uevent: version 1.0.3
[    0.325377] device-mapper: ioctl: 4.48.0-ioctl (2023-03-01) initialised: dm-devel@redhat.com
[    0.325387] platform eisa.0: Probing EISA bus 0
[    0.325388] platform eisa.0: EISA: Cannot allocate resource for mainboard
[    0.325389] platform eisa.0: Cannot allocate resource for EISA slot 1
[    0.325389] platform eisa.0: Cannot allocate resource for EISA slot 2
[    0.325390] platform eisa.0: Cannot allocate resource for EISA slot 3
[    0.325391] platform eisa.0: Cannot allocate resource for EISA slot 4
[    0.325391] platform eisa.0: Cannot allocate resource for EISA slot 5
[    0.325392] platform eisa.0: Cannot allocate resource for EISA slot 6
[    0.325392] platform eisa.0: Cannot allocate resource for EISA slot 7
[    0.325393] platform eisa.0: Cannot allocate resource for EISA slot 8
[    0.325394] platform eisa.0: EISA: Detected 0 cards
[    0.325396] intel_pstate: Intel P-state driver initializing
[    0.326518] intel_pstate: HWP enabled
[    0.327096] ledtrig-cpu: registered to indicate activity on CPUs
[    0.327194] [drm] Initialized simpledrm 1.0.0 20200625 for simple-framebuffer.0 on minor 0
[    0.327781] fbcon: Deferring console take-over
[    0.327782] simple-framebuffer simple-framebuffer.0: [drm] fb0: simpledrmdrmfb frame buffer device
[    0.327825] drop_monitor: Initializing network drop monitor service
[    0.327892] NET: Registered PF_INET6 protocol family
[    0.331381] input: AT Translated Set 2 keyboard as /devices/platform/i8042/serio0/input/input4
[    0.362864] Freeing initrd memory: 71424K
[    0.366609] Segment Routing with IPv6
[    0.366616] In-situ OAM (IOAM) with IPv6
[    0.366635] NET: Registered PF_PACKET protocol family
[    0.366809] Key type dns_resolver registered
[    0.368888] ENERGY_PERF_BIAS: Set to 'normal', was 'performance'
[    0.369682] microcode: Current revision: 0x00000052
[    0.369683] microcode: Updated early from: 0x0000003c
[    0.371372] resctrl: L2 allocation detected
[    0.371383] IPI shorthand broadcast: enabled
[    0.372287] sched_clock: Marking stable (365000635, 6571186)->(410472571, -38900750)
[    0.372535] registered taskstats version 1
[    0.373632] Loading compiled-in X.509 certificates
[    0.374001] Loaded X.509 cert 'Build time autogenerated kernel key: c975254f7fd849e1a143390a4f6a2d9981a64212'
[    0.374285] Loaded X.509 cert 'Canonical Ltd. Live Patch Signing: 14df34d1a87cf37625abec039ef2bf521249b969'
[    0.374564] Loaded X.509 cert 'Canonical Ltd. Kernel Module Signing: 88f752e560a1e0737e31163a466ad7b70a850c19'
[    0.374565] blacklist: Loading compiled-in revocation X.509 certificates
[    0.374578] Loaded X.509 cert 'Canonical Ltd. Secure Boot Signing: 61482aa2830d0ab2ad5af10b7250da9033ddcef0'
[    0.374586] Loaded X.509 cert 'Canonical Ltd. Secure Boot Signing (2017): 242ade75ac4a15e50d50c84b0d45ff3eae707a03'
[    0.374593] Loaded X.509 cert 'Canonical Ltd. Secure Boot Signing (ESM 2018): 365188c1d374d6b07c3c8f240f8ef722433d6a8b'
[    0.374600] Loaded X.509 cert 'Canonical Ltd. Secure Boot Signing (2019): c0746fd6c5da3ae827864651ad66ae47fe24b3e8'
[    0.374607] Loaded X.509 cert 'Canonical Ltd. Secure Boot Signing (2021 v1): a8d54bbb3825cfb94fa13c9f8a594a195c107b8d'
[    0.374616] Loaded X.509 cert 'Canonical Ltd. Secure Boot Signing (2021 v2): 4cf046892d6fd3c9a5b03f98d845f90851dc6a8c'
[    0.374637] Loaded X.509 cert 'Canonical Ltd. Secure Boot Signing (2021 v3): 100437bb6de6e469b581e61cd66bce3ef4ed53af'
[    0.374645] Loaded X.509 cert 'Canonical Ltd. Secure Boot Signing (Ubuntu Core 2019): c1d57b8f6b743f23ee41f4f7ee292f06eecadfb9'
[    0.376540] Key type .fscrypt registered
[    0.376541] Key type fscrypt-provisioning registered
[    0.376573] Key type trusted registered
[    0.380239] cryptd: max_cpu_qlen set to 1000
[    0.382624] AVX2 version of gcm_enc/dec engaged.
[    0.382658] AES CTR mode by8 optimization enabled
[    0.390660] Key type encrypted registered
[    0.390668] AppArmor: AppArmor sha256 policy hashing enabled
[    0.392570] integrity: Loading X.509 certificate: UEFI:db
[    0.392599] integrity: Loaded X.509 cert 'Microsoft Windows Production PCA 2011: a92902398e16c49778cd90f99e4f9ae17c55af53'
[    0.392599] integrity: Loading X.509 certificate: UEFI:db
[    0.392609] integrity: Loaded X.509 cert 'Microsoft Corporation UEFI CA 2011: 13adbf4309bd82709c8cd54f316ed522988a1bd4'
[    0.392610] integrity: Loading X.509 certificate: UEFI:db
[    0.392620] integrity: Loaded X.509 cert 'Acer Database: 84f00f5841571abd2cc11a8c26d5c9c8d2b6b0b5'
[    0.392620] integrity: Loading X.509 certificate: UEFI:db
[    0.392622] integrity: Problem loading X.509 certificate -65
[    0.392622] integrity: Error adding keys to platform keyring UEFI:db
[    0.392623] integrity: Loading X.509 certificate: UEFI:db
[    0.392624] integrity: Problem loading X.509 certificate -65
[    0.392626] integrity: Error adding keys to platform keyring UEFI:db
[    0.392626] integrity: Loading X.509 certificate: UEFI:db
[    0.392786] integrity: Loaded X.509 cert 'Linpus: linpus.com: 2e092cab5e97a89f94a6e272ec7267c267cf4483'
[    0.397244] integrity: Revoking X.509 certificate: UEFI:dbx
[    0.397254] blacklist: Revoked X.509 cert 'Acer Database Forbidden: 9de028a2638669f109745d3e2a7ad5c9e64ed392'
[    0.397258] Loading compiled-in module X.509 certificates
[    0.397554] Loaded X.509 cert 'Build time autogenerated kernel key: c975254f7fd849e1a143390a4f6a2d9981a64212'
[    0.397555] ima: Allocated hash algorithm: sha256
[    0.430679] ima: No architecture policies found
[    0.430686] evm: Initialising EVM extended attributes:
[    0.430686] evm: security.selinux
[    0.430687] evm: security.SMACK64
[    0.430688] evm: security.SMACK64EXEC
[    0.430688] evm: security.SMACK64TRANSMUTE
[    0.430688] evm: security.SMACK64MMAP
[    0.430689] evm: security.apparmor
[    0.430689] evm: security.ima
[    0.430690] evm: security.capability
[    0.430690] evm: HMAC attrs: 0x1
[    0.430940] PM:   Magic number: 9:987:487
[    0.430941] PM:   hash matches drivers/base/power/main.c:657
[    0.433100] RAS: Correctable Errors collector initialized.
[    0.433149] clk: Disabling unused clocks
[    0.439871] Freeing unused decrypted memory: 2028K
[    0.440439] Freeing unused kernel image (initmem) memory: 4976K
[    0.440441] Write protecting the kernel read-only data: 36864k
[    0.440665] Freeing unused kernel image (rodata/data gap) memory: 4K
[    0.448163] x86/mm: Checked W+X mappings: passed, no W+X pages found.
[    0.448169] Run /init as init process
[    0.448169]   with arguments:
[    0.448170]     /init
[    0.448171]     splash
[    0.448172]   with environment:
[    0.448172]     HOME=/
[    0.448172]     TERM=linux
[    0.448173]     BOOT_IMAGE=/boot/vmlinuz-6.8.0-51-generic
[    0.469539] fbcon: Taking over console
[    0.472816] Console: switching to colour frame buffer device 240x67
[    0.561429] hid: raw HID events driver (C) Jiri Kosina
[    0.561959] vmd 0000:00:0e.0: PCI host bridge to bus 10000:e0
[    0.561962] pci_bus 10000:e0: root bus resource [bus e0-ff]
[    0.561964] pci_bus 10000:e0: root bus resource [mem 0x50000000-0x51ffffff]
[    0.561965] pci_bus 10000:e0: root bus resource [mem 0x6105102000-0x61051fffff 64bit]
[    0.561994] pci 10000:e0:01.0: [8086:09ab] type 00 class 0x088000 conventional PCI endpoint
[    0.562100] pci 10000:e0:01.0: Adding to iommu group 6
[    0.562130] pci 10000:e0:01.1: [8086:9a05] type 01 class 0x060400 PCIe Root Port
[    0.562141] xhci_hcd 0000:00:0d.0: xHCI Host Controller
[    0.562146] xhci_hcd 0000:00:0d.0: new USB bus registered, assigned bus number 1
[    0.562146] pci 10000:e0:01.1: PCI bridge to [bus e1]
[    0.562150] pci 10000:e0:01.1:   bridge window [io  0x0000-0x0fff]
[    0.562152] pci 10000:e0:01.1:   bridge window [mem 0x50100000-0x501fffff]
[    0.562198] pci 10000:e0:01.1: PME# supported from D0 D3hot D3cold
[    0.562226] pci 10000:e0:01.1: PTM enabled (root), 4ns granularity
[    0.562313] pci 10000:e0:01.1: Adding to iommu group 6
[    0.562344] pci 10000:e0:17.0: [8086:43d3] type 00 class 0x010601 conventional PCI endpoint
[    0.562361] pci 10000:e0:17.0: BAR 0 [mem 0x00000000-0x00001fff]
[    0.562371] pci 10000:e0:17.0: BAR 1 [mem 0x00000000-0x000000ff]
[    0.562381] pci 10000:e0:17.0: BAR 2 [io  0x0000-0x0007]
[    0.562391] pci 10000:e0:17.0: BAR 3 [io  0x0000-0x0003]
[    0.562401] pci 10000:e0:17.0: BAR 4 [io  0x0000-0x001f]
[    0.562412] pci 10000:e0:17.0: BAR 5 [mem 0x50000000-0x500007ff]
[    0.562449] pci 10000:e0:17.0: PME# supported from D3hot
[    0.562475] pci 10000:e0:17.0: Adding to iommu group 6
[    0.562483] pci 10000:e0:01.1: Primary bus is hard wired to 0
[    0.562517] pci 10000:e1:00.0: [1c5c:174a] type 00 class 0x010802 PCIe Endpoint
[    0.562535] pci 10000:e1:00.0: BAR 0 [mem 0x50100000-0x50103fff 64bit]
[    0.562544] pci 10000:e1:00.0: BAR 2 [mem 0x00000000-0x00000fff]
[    0.562553] pci 10000:e1:00.0: BAR 3 [mem 0x00000000-0x00000fff]
[    0.562791] pci 10000:e1:00.0: Adding to iommu group 6
[    0.562822] pci 10000:e0:01.1: PCI bridge to [bus e1]
[    0.562829] pci 10000:e0:01.1: Primary bus is hard wired to 0
[    0.563294] xhci_hcd 0000:00:0d.0: hcc params 0x20007fc1 hci version 0x120 quirks 0x0000000200009810
[    0.563624] xhci_hcd 0000:00:0d.0: xHCI Host Controller
[    0.563628] xhci_hcd 0000:00:0d.0: new USB bus registered, assigned bus number 2
[    0.563631] xhci_hcd 0000:00:0d.0: Host supports USB 3.1 Enhanced SuperSpeed
[    0.563715] usb usb1: New USB device found, idVendor=1d6b, idProduct=0002, bcdDevice= 6.08
[    0.563719] usb usb1: New USB device strings: Mfr=3, Product=2, SerialNumber=1
[    0.563721] usb usb1: Product: xHCI Host Controller
[    0.563721] usb usb1: Manufacturer: Linux 6.8.0-51-generic xhci-hcd
[    0.563722] usb usb1: SerialNumber: 0000:00:0d.0
[    0.563809] hub 1-0:1.0: USB hub found
[    0.563824] hub 1-0:1.0: 1 port detected
[    0.563946] usb usb2: New USB device found, idVendor=1d6b, idProduct=0003, bcdDevice= 6.08
[    0.563948] usb usb2: New USB device strings: Mfr=3, Product=2, SerialNumber=1
[    0.563949] usb usb2: Product: xHCI Host Controller
[    0.563950] usb usb2: Manufacturer: Linux 6.8.0-51-generic xhci-hcd
[    0.563950] usb usb2: SerialNumber: 0000:00:0d.0
[    0.564002] hub 2-0:1.0: USB hub found
[    0.564014] hub 2-0:1.0: 4 ports detected
[    0.565188] xhci_hcd 0000:00:14.0: xHCI Host Controller
[    0.565192] xhci_hcd 0000:00:14.0: new USB bus registered, assigned bus number 3
[    0.566334] xhci_hcd 0000:00:14.0: hcc params 0x20007fc1 hci version 0x120 quirks 0x0000000200009810
[    0.566642] xhci_hcd 0000:00:14.0: xHCI Host Controller
[    0.566645] xhci_hcd 0000:00:14.0: new USB bus registered, assigned bus number 4
[    0.566648] xhci_hcd 0000:00:14.0: Host supports USB 3.2 Enhanced SuperSpeed
[    0.566698] usb usb3: New USB device found, idVendor=1d6b, idProduct=0002, bcdDevice= 6.08
[    0.566701] usb usb3: New USB device strings: Mfr=3, Product=2, SerialNumber=1
[    0.566703] usb usb3: Product: xHCI Host Controller
[    0.566704] usb usb3: Manufacturer: Linux 6.8.0-51-generic xhci-hcd
[    0.566706] usb usb3: SerialNumber: 0000:00:14.0
[    0.566871] hub 3-0:1.0: USB hub found
[    0.566889] hub 3-0:1.0: 16 ports detected
[    0.567402] usb usb4: New USB device found, idVendor=1d6b, idProduct=0003, bcdDevice= 6.08
[    0.567403] usb usb4: New USB device strings: Mfr=3, Product=2, SerialNumber=1
[    0.567404] usb usb4: Product: xHCI Host Controller
[    0.567405] usb usb4: Manufacturer: Linux 6.8.0-51-generic xhci-hcd
[    0.567406] usb usb4: SerialNumber: 0000:00:14.0
[    0.567505] hub 4-0:1.0: USB hub found
[    0.567526] hub 4-0:1.0: 8 ports detected
[    0.568111] usb: port power management may be unreliable
[    0.573029] r8169 0000:02:00.0 eth0: RTL8168h/8111h, 08:8f:c3:1e:86:80, XID 541, IRQ 159
[    0.573033] r8169 0000:02:00.0 eth0: jumbo features [frames: 9194 bytes, tx checksumming: ko]
[    0.573503] r8169 0000:02:00.0 enp2s0: renamed from eth0
[    0.574599] intel-lpss 0000:00:15.0: enabling device (0004 -> 0006)
[    0.574843] idma64 idma64.0: Found Intel integrated DMA 64-bit
[    0.578227] ACPI Error: Field [AFU0] Base+Offset+Width 512+0+1 is beyond end of region [COMP] (length 512) (20230628/exfldio-163)

[    0.578233] No Local Variables are initialized for Method [_STA]

[    0.578234] No Arguments are initialized for method [_STA]

[    0.578236] ACPI Error: Aborting method \AFUB._STA due to previous error (AE_AML_REGION_LIMIT) (20230628/psparse-529)
[    0.580262] ACPI Error: Field [AFU0] Base+Offset+Width 512+0+1 is beyond end of region [COMP] (length 512) (20230628/exfldio-163)

[    0.580266] No Local Variables are initialized for Method [_STA]

[    0.580267] No Arguments are initialized for method [_STA]

[    0.580269] ACPI Error: Aborting method \AFUB._STA due to previous error (AE_AML_REGION_LIMIT) (20230628/psparse-529)
[    0.591600] intel-lpss 0000:00:15.1: enabling device (0004 -> 0006)
[    0.591832] idma64 idma64.1: Found Intel integrated DMA 64-bit
[    0.595037] ACPI Error: Field [AFU0] Base+Offset+Width 512+0+1 is beyond end of region [COMP] (length 512) (20230628/exfldio-163)

[    0.595042] No Local Variables are initialized for Method [_STA]

[    0.595043] No Arguments are initialized for method [_STA]

[    0.595044] ACPI Error: Aborting method \AFUB._STA due to previous error (AE_AML_REGION_LIMIT) (20230628/psparse-529)
[    0.598196] ACPI Error: Field [AFU0] Base+Offset+Width 512+0+1 is beyond end of region [COMP] (length 512) (20230628/exfldio-163)

[    0.598200] No Local Variables are initialized for Method [_STA]

[    0.598201] No Arguments are initialized for method [_STA]

[    0.598203] ACPI Error: Aborting method \AFUB._STA due to previous error (AE_AML_REGION_LIMIT) (20230628/psparse-529)
[    0.609590] intel-lpss 0000:00:1e.0: enabling device (0004 -> 0006)
[    0.609803] idma64 idma64.2: Found Intel integrated DMA 64-bit
[    0.621597] intel-lpss 0000:00:1e.3: enabling device (0004 -> 0006)
[    0.621802] idma64 idma64.3: Found Intel integrated DMA 64-bit
[    0.675666] input: ELAN0521:01 04F3:31B1 Mouse as /devices/pci0000:00/0000:00:15.1/i2c_designware.1/i2c-1/i2c-ELAN0521:01/0018:04F3:31B1.0001/input/input5
[    0.675726] input: ELAN0521:01 04F3:31B1 Touchpad as /devices/pci0000:00/0000:00:15.1/i2c_designware.1/i2c-1/i2c-ELAN0521:01/0018:04F3:31B1.0001/input/input7
[    0.675771] hid-generic 0018:04F3:31B1.0001: input,hidraw0: I2C HID v1.00 Mouse [ELAN0521:01 04F3:31B1] on i2c-ELAN0521:01
[    0.686803] dw-apb-uart.2: ttyS4 at MMIO 0x4017002000 (irq = 16, base_baud = 6250000) is a 16550A
[    0.688158] ACPI Error: Field [AFU0] Base+Offset+Width 512+0+1 is beyond end of region [COMP] (length 512) (20230628/exfldio-163)

[    0.688163] No Local Variables are initialized for Method [_STA]

[    0.688164] No Arguments are initialized for method [_STA]

[    0.688165] ACPI Error: Aborting method \AFUB._STA due to previous error (AE_AML_REGION_LIMIT) (20230628/psparse-529)
[    0.690464] ACPI Error: Field [AFU0] Base+Offset+Width 512+0+1 is beyond end of region [COMP] (length 512) (20230628/exfldio-163)

[    0.690469] No Local Variables are initialized for Method [_STA]

[    0.690470] No Arguments are initialized for method [_STA]

[    0.690471] ACPI Error: Aborting method \AFUB._STA due to previous error (AE_AML_REGION_LIMIT) (20230628/psparse-529)
[    0.709685] pci 10000:e0:01.1: bridge window [mem 0x50000000-0x500fffff]: assigned
[    0.709688] pci 10000:e0:17.0: BAR 0 [mem 0x50100000-0x50101fff]: assigned
[    0.709694] pci 10000:e0:01.1: bridge window [io  size 0x1000]: can't assign; no space
[    0.709695] pci 10000:e0:01.1: bridge window [io  size 0x1000]: failed to assign
[    0.709696] pci 10000:e0:17.0: BAR 5 [mem 0x50102000-0x501027ff]: assigned
[    0.709700] pci 10000:e0:17.0: BAR 1 [mem 0x50102800-0x501028ff]: assigned
[    0.709703] pci 10000:e0:17.0: BAR 4 [io  size 0x0020]: can't assign; no space
[    0.709704] pci 10000:e0:17.0: BAR 4 [io  size 0x0020]: failed to assign
[    0.709704] pci 10000:e0:17.0: BAR 2 [io  size 0x0008]: can't assign; no space
[    0.709705] pci 10000:e0:17.0: BAR 2 [io  size 0x0008]: failed to assign
[    0.709706] pci 10000:e0:17.0: BAR 3 [io  size 0x0004]: can't assign; no space
[    0.709706] pci 10000:e0:17.0: BAR 3 [io  size 0x0004]: failed to assign
[    0.709708] pci 10000:e1:00.0: BAR 0 [mem 0x50000000-0x50003fff 64bit]: assigned
[    0.709717] pci 10000:e1:00.0: BAR 2 [mem 0x50004000-0x50004fff]: assigned
[    0.709720] pci 10000:e1:00.0: BAR 3 [mem 0x50005000-0x50005fff]: assigned
[    0.709723] pci 10000:e0:01.1: PCI bridge to [bus e1]
[    0.709726] pci 10000:e0:01.1:   bridge window [mem 0x50000000-0x500fffff]
[    0.709759] pci 10000:e1:00.0: VMD: Default LTR value set by driver
[    0.709782] pcieport 10000:e0:01.1: can't derive routing for PCI INT B
[    0.709783] pcieport 10000:e0:01.1: PCI INT B: no GSI
[    0.709840] pcieport 10000:e0:01.1: PME: Signaling with IRQ 161
[    0.709904] vmd 0000:00:0e.0: Bound to PCI domain 10000
[    0.713101] ahci 10000:e0:17.0: version 3.0
[    0.713109] ahci 10000:e0:17.0: can't derive routing for PCI INT A
[    0.713110] ahci 10000:e0:17.0: PCI INT A: no GSI
[    0.713194] ahci 10000:e0:17.0: AHCI 0001.0301 32 slots 1 ports 6 Gbps 0x4 impl SATA mode
[    0.713196] ahci 10000:e0:17.0: flags: 64bit ncq sntf pm clo only pio slum part ems deso sadm sds 
[    0.713466] scsi host0: ahci
[    0.713567] scsi host1: ahci
[    0.713835] scsi host2: ahci
[    0.713856] ata1: DUMMY
[    0.713856] ata2: DUMMY
[    0.713861] ata3: SATA max UDMA/133 abar m2048@0x50102000 port 0x50102200 irq 162 lpm-pol 0
[    0.730492] input: ELAN0521:01 04F3:31B1 Mouse as /devices/pci0000:00/0000:00:15.1/i2c_designware.1/i2c-1/i2c-ELAN0521:01/0018:04F3:31B1.0001/input/input8
[    0.730552] input: ELAN0521:01 04F3:31B1 Touchpad as /devices/pci0000:00/0000:00:15.1/i2c_designware.1/i2c-1/i2c-ELAN0521:01/0018:04F3:31B1.0001/input/input10
[    0.730588] hid-multitouch 0018:04F3:31B1.0001: input,hidraw0: I2C HID v1.00 Mouse [ELAN0521:01 04F3:31B1] on i2c-ELAN0521:01
[    0.808701] usb 3-1: new high-speed USB device number 2 using xhci_hcd
[    0.936695] usb 3-1: New USB device found, idVendor=2109, idProduct=2817, bcdDevice=90.81
[    0.936705] usb 3-1: New USB device strings: Mfr=1, Product=2, SerialNumber=3
[    0.936709] usb 3-1: Product: USB2.0 Hub             
[    0.936712] usb 3-1: Manufacturer: VIA Labs, Inc.         
[    0.936715] usb 3-1: SerialNumber: 000000000
[    0.937987] hub 3-1:1.0: USB hub found
[    0.938229] hub 3-1:1.0: 5 ports detected
[    1.020466] ata3: SATA link up 6.0 Gbps (SStatus 133 SControl 300)
[    1.021289] ata3.00: ATA-11: WDC  WDS100T2B0A-00SM50, 401020WD, max UDMA/133
[    1.021819] ata3.00: 1953525168 sectors, multi 1: LBA48 NCQ (depth 32), AA
[    1.026058] ata3.00: Features: Dev-Sleep
[    1.032533] ata3.00: configured for UDMA/133
[    1.032806] scsi 2:0:0:0: Direct-Access     ATA      WDC  WDS100T2B0A 20WD PQ: 0 ANSI: 5
[    1.033067] sd 2:0:0:0: Attached scsi generic sg0 type 0
[    1.033138] sd 2:0:0:0: [sda] 1953525168 512-byte logical blocks: (1.00 TB/932 GiB)
[    1.033147] sd 2:0:0:0: [sda] Write Protect is off
[    1.033149] sd 2:0:0:0: [sda] Mode Sense: 00 3a 00 00
[    1.033174] sd 2:0:0:0: [sda] Write cache: enabled, read cache: enabled, doesn't support DPO or FUA
[    1.033190] sd 2:0:0:0: [sda] Preferred minimum I/O size 512 bytes
[    1.034577]  sda: sda1
[    1.034627] sd 2:0:0:0: [sda] Attached SCSI disk
[    1.036636] nvme nvme0: pci function 10000:e1:00.0
[    1.036643] pcieport 10000:e0:01.1: can't derive routing for PCI INT A
[    1.036644] nvme 10000:e1:00.0: PCI INT A: not connected
[    1.049720] usb 4-1: new SuperSpeed USB device number 2 using xhci_hcd
[    1.065589] nvme nvme0: 16/0/0 default/read/poll queues
[    1.066668] usb 4-1: New USB device found, idVendor=05e3, idProduct=0626, bcdDevice= 6.55
[    1.066670] usb 4-1: New USB device strings: Mfr=1, Product=2, SerialNumber=0
[    1.066671] usb 4-1: Product: USB3.1 Hub
[    1.066672] usb 4-1: Manufacturer: GenesysLogic
[    1.068084] hub 4-1:1.0: USB hub found
[    1.068391] hub 4-1:1.0: 4 ports detected
[    1.070581] nvme nvme0: Ignoring bogus Namespace Identifiers
[    1.072264]  nvme0n1: p1 p2
[    1.141574] raid6: avx512x4 gen() 67883 MB/s
[    1.158572] raid6: avx512x2 gen() 74485 MB/s
[    1.175574] raid6: avx512x1 gen() 67604 MB/s
[    1.177579] usb 3-3: new high-speed USB device number 3 using xhci_hcd
[    1.192574] raid6: avx2x4   gen() 55630 MB/s
[    1.209572] raid6: avx2x2   gen() 59201 MB/s
[    1.226574] raid6: avx2x1   gen() 48139 MB/s
[    1.226574] raid6: using algorithm avx512x2 gen() 74485 MB/s
[    1.243573] raid6: .... xor() 45580 MB/s, rmw enabled
[    1.243574] raid6: using avx512x2 recovery algorithm
[    1.244479] xor: automatically using best checksumming function   avx       
[    1.245202] async_tx: api initialized (async)
[    1.309012] usb 3-3: New USB device found, idVendor=05e3, idProduct=0610, bcdDevice= 6.55
[    1.309025] usb 3-3: New USB device strings: Mfr=1, Product=2, SerialNumber=0
[    1.309030] usb 3-3: Product: USB2.1 Hub
[    1.309031] usb 3-3: Manufacturer: GenesysLogic
[    1.309763] hub 3-3:1.0: USB hub found
[    1.310046] hub 3-3:1.0: 4 ports detected
[    1.369936] Btrfs loaded, zoned=yes, fsverity=yes
[    1.403946] EXT4-fs (nvme0n1p2): mounted filesystem 4700bc3d-0bda-4501-a7da-463566e99c90 ro with ordered data mode. Quota mode: none.
[    1.422713] usb 4-5: new SuperSpeed USB device number 3 using xhci_hcd
[    1.463598] usb 4-5: New USB device found, idVendor=2109, idProduct=0817, bcdDevice=90.81
[    1.463600] usb 4-5: New USB device strings: Mfr=1, Product=2, SerialNumber=3
[    1.463602] usb 4-5: Product: USB3.0 Hub             
[    1.463602] usb 4-5: Manufacturer: VIA Labs, Inc.         
[    1.463603] usb 4-5: SerialNumber: 000000000
[    1.464851] hub 4-5:1.0: USB hub found
[    1.464907] hub 4-5:1.0: 4 ports detected
[    1.482915] systemd[1]: Inserted module 'autofs4'
[    1.491850] systemd[1]: systemd 255.4-1ubuntu8.4 running in system mode (+PAM +AUDIT +SELINUX +APPARMOR +IMA +SMACK +SECCOMP +GCRYPT -GNUTLS +OPENSSL +ACL +BLKID +CURL +ELFUTILS +FIDO2 +IDN2 -IDN +IPTC +KMOD +LIBCRYPTSETUP +LIBFDISK +PCRE2 -PWQUALITY +P11KIT +QRENCODE +TPM2 +BZIP2 +LZ4 +XZ +ZLIB +ZSTD -BPF_FRAMEWORK -XKBCOMMON +UTMP +SYSVINIT default-hierarchy=unified)
[    1.491857] systemd[1]: Detected architecture x86-64.
[    1.492355] systemd[1]: Hostname set to <Nitro5-LM22>.
[    1.576599] usb 3-9: new high-speed USB device number 4 using xhci_hcd
[    1.630991] systemd[1]: Queued start job for default target graphical.target.
[    1.643314] systemd[1]: Created slice system-modprobe.slice - Slice /system/modprobe.
[    1.643487] systemd[1]: Created slice system-systemd\x2dfsck.slice - Slice /system/systemd-fsck.
[    1.643594] systemd[1]: Created slice user.slice - User and Session Slice.
[    1.643642] systemd[1]: Started systemd-ask-password-wall.path - Forward Password Requests to Wall Directory Watch.
[    1.643734] systemd[1]: Set up automount proc-sys-fs-binfmt_misc.automount - Arbitrary Executable File Formats File System Automount Point.
[    1.643745] systemd[1]: Expecting device dev-disk-by\x2duuid-C83E\x2d850F.device - /dev/disk/by-uuid/C83E-850F...
[    1.643755] systemd[1]: Reached target integritysetup.target - Local Integrity Protected Volumes.
[    1.643766] systemd[1]: Reached target nss-user-lookup.target - User and Group Name Lookups.
[    1.643772] systemd[1]: Reached target remote-fs.target - Remote File Systems.
[    1.643778] systemd[1]: Reached target slices.target - Slice Units.
[    1.643791] systemd[1]: Reached target veritysetup.target - Local Verity Protected Volumes.
[    1.643841] systemd[1]: Listening on dm-event.socket - Device-mapper event daemon FIFOs.
[    1.643890] systemd[1]: Listening on lvm2-lvmpolld.socket - LVM2 poll daemon socket.
[    1.643933] systemd[1]: Listening on syslog.socket - Syslog Socket.
[    1.644519] systemd[1]: Listening on systemd-coredump.socket - Process Core Dump Socket.
[    1.644556] systemd[1]: Listening on systemd-fsckd.socket - fsck to fsckd communication Socket.
[    1.644586] systemd[1]: Listening on systemd-initctl.socket - initctl Compatibility Named Pipe.
[    1.644634] systemd[1]: Listening on systemd-journald-dev-log.socket - Journal Socket (/dev/log).
[    1.644678] systemd[1]: Listening on systemd-journald.socket - Journal Socket.
[    1.644701] systemd[1]: systemd-pcrextend.socket - TPM2 PCR Extension (Varlink) was skipped because of an unmet condition check (ConditionSecurity=measured-uki).
[    1.644835] systemd[1]: Listening on systemd-udevd-control.socket - udev Control Socket.
[    1.644873] systemd[1]: Listening on systemd-udevd-kernel.socket - udev Kernel Socket.
[    1.645454] systemd[1]: Mounting dev-hugepages.mount - Huge Pages File System...
[    1.645840] systemd[1]: Mounting dev-mqueue.mount - POSIX Message Queue File System...
[    1.646184] systemd[1]: Mounting sys-kernel-debug.mount - Kernel Debug File System...
[    1.646538] systemd[1]: Mounting sys-kernel-tracing.mount - Kernel Trace File System...
[    1.647495] systemd[1]: Starting systemd-journald.service - Journal Service...
[    1.647542] systemd[1]: Finished blk-availability.service - Availability of block devices.
[    1.647976] systemd[1]: Starting keyboard-setup.service - Set the console keyboard layout...
[    1.648415] systemd[1]: Starting kmod-static-nodes.service - Create List of Static Device Nodes...
[    1.648762] systemd[1]: Starting lvm2-monitor.service - Monitoring of LVM2 mirrors, snapshots etc. using dmeventd or progress polling...
[    1.649294] systemd[1]: Starting modprobe@configfs.service - Load Kernel Module configfs...
[    1.649819] systemd[1]: Starting modprobe@dm_mod.service - Load Kernel Module dm_mod...
[    1.650402] systemd[1]: Starting modprobe@drm.service - Load Kernel Module drm...
[    1.650957] systemd[1]: Starting modprobe@efi_pstore.service - Load Kernel Module efi_pstore...
[    1.651537] systemd[1]: Starting modprobe@fuse.service - Load Kernel Module fuse...
[    1.652046] systemd[1]: Starting modprobe@loop.service - Load Kernel Module loop...
[    1.652115] systemd[1]: systemd-fsck-root.service - File System Check on Root Device was skipped because of an unmet condition check (ConditionPathExists=!/run/initramfs/fsck-root).
[    1.652919] systemd[1]: Starting systemd-modules-load.service - Load Kernel Modules...
[    1.652932] systemd[1]: systemd-pcrmachine.service - TPM2 PCR Machine ID Measurement was skipped because of an unmet condition check (ConditionSecurity=measured-uki).
[    1.653446] systemd[1]: Starting systemd-remount-fs.service - Remount Root and Kernel File Systems...
[    1.653488] systemd[1]: systemd-tpm2-setup-early.service - TPM2 SRK Setup (Early) was skipped because of an unmet condition check (ConditionSecurity=measured-uki).
[    1.653987] systemd[1]: Starting systemd-udev-trigger.service - Coldplug All udev Devices...
[    1.654448] pstore: Using crash dump compression: deflate
[    1.654895] systemd[1]: Mounted dev-hugepages.mount - Huge Pages File System.
[    1.654952] systemd[1]: Mounted dev-mqueue.mount - POSIX Message Queue File System.
[    1.654989] systemd[1]: Mounted sys-kernel-debug.mount - Kernel Debug File System.
[    1.655027] systemd[1]: Mounted sys-kernel-tracing.mount - Kernel Trace File System.
[    1.655121] systemd[1]: Finished kmod-static-nodes.service - Create List of Static Device Nodes.
[    1.655239] systemd[1]: modprobe@configfs.service: Deactivated successfully.
[    1.655300] systemd[1]: Finished modprobe@configfs.service - Load Kernel Module configfs.
[    1.655404] systemd[1]: modprobe@dm_mod.service: Deactivated successfully.
[    1.655459] systemd[1]: Finished modprobe@dm_mod.service - Load Kernel Module dm_mod.
[    1.655558] systemd[1]: modprobe@drm.service: Deactivated successfully.
[    1.655624] systemd[1]: Finished modprobe@drm.service - Load Kernel Module drm.
[    1.655723] systemd[1]: modprobe@fuse.service: Deactivated successfully.
[    1.655780] systemd[1]: Finished modprobe@fuse.service - Load Kernel Module fuse.
[    1.655877] systemd[1]: modprobe@loop.service: Deactivated successfully.
[    1.655956] systemd[1]: Finished modprobe@loop.service - Load Kernel Module loop.
[    1.656546] systemd[1]: Mounting sys-fs-fuse-connections.mount - FUSE Control File System...
[    1.656978] systemd[1]: Mounting sys-kernel-config.mount - Kernel Configuration File System...
[    1.657025] systemd[1]: systemd-repart.service - Repartition Root Disk was skipped because no trigger condition checks were met.
[    1.657045] systemd-journald[418]: Collecting audit messages is disabled.
[    1.657540] systemd[1]: Starting systemd-tmpfiles-setup-dev-early.service - Create Static Device Nodes in /dev gracefully...
[    1.659667] systemd[1]: Mounted sys-fs-fuse-connections.mount - FUSE Control File System.
[    1.660233] systemd[1]: Mounted sys-kernel-config.mount - Kernel Configuration File System.
[    1.664293] lp: driver loaded but no devices found
[    1.667391] ppdev: user-space parallel port driver
[    1.667432] systemd[1]: Finished systemd-tmpfiles-setup-dev-early.service - Create Static Device Nodes in /dev gracefully.
[    1.673549] systemd[1]: Finished keyboard-setup.service - Set the console keyboard layout.
[    1.674274] EXT4-fs (nvme0n1p2): re-mounted 4700bc3d-0bda-4501-a7da-463566e99c90 r/w. Quota mode: none.
[    1.674755] systemd[1]: Finished systemd-remount-fs.service - Remount Root and Kernel File Systems.
[    1.678897] pstore: Registered efi_pstore as persistent store backend
[    1.691740] systemd[1]: Activating swap swapfile.swap - /swapfile...
[    1.691960] systemd[1]: systemd-hwdb-update.service - Rebuild Hardware Database was skipped because of an unmet condition check (ConditionNeedsUpdate=/etc).
[    1.692366] systemd[1]: Starting systemd-random-seed.service - Load/Save OS Random Seed...
[    1.692387] systemd[1]: systemd-sysusers.service - Create System Users was skipped because no trigger condition checks were met.
[    1.692771] systemd[1]: Starting systemd-tmpfiles-setup-dev.service - Create Static Device Nodes in /dev...
[    1.692781] systemd[1]: systemd-tpm2-setup.service - TPM2 SRK Setup was skipped because of an unmet condition check (ConditionSecurity=measured-uki).
[    1.692857] systemd[1]: Started systemd-journald.service - Journal Service.
[    1.693556] Adding 2097148k swap on /swapfile.  Priority:-2 extents:16 across:681705472k SS
[    1.701961] systemd-journald[418]: Received client request to flush runtime journal.
[    1.709377] systemd-journald[418]: /var/log/journal/54c13e86334f49ef8fd556504956f685/system.journal: Journal file uses a different sequence number ID, rotating.
[    1.709380] systemd-journald[418]: Rotating system journal.
[    1.713015] usb 3-9: New USB device found, idVendor=0408, idProduct=a061, bcdDevice= 0.04
[    1.713027] usb 3-9: New USB device strings: Mfr=1, Product=2, SerialNumber=0
[    1.713032] usb 3-9: Product: HD User Facing
[    1.713034] usb 3-9: Manufacturer: SunplusIT Inc
[    1.787329] input: Acer Wireless Radio Control as /devices/LNXSYSTM:00/10251229:00/input/input11
[    1.802426] Consider using thermal netlink events interface
[    1.804908] intel_pmc_core INT33A1:00:  initialized
[    1.832619] usb 3-1.4: new full-speed USB device number 5 using xhci_hcd
[    1.849015] mei_me 0000:00:16.0: enabling device (0000 -> 0002)
[    1.878295] acer_wmi: Acer Laptop ACPI-WMI Extras
[    1.878337] acer_wmi: Function bitmap for Communication Button: 0x801
[    1.878901] cfg80211: Loading compiled-in X.509 certificates for regulatory database
[    1.879004] i801_smbus 0000:00:1f.4: SPD Write Disable is set
[    1.879027] RAPL PMU: API unit is 2^-32 Joules, 3 fixed counters, 655360 ms ovfl timer
[    1.879029] RAPL PMU: hw unit of domain pp0-core 2^-14 Joules
[    1.879030] RAPL PMU: hw unit of domain package 2^-14 Joules
[    1.879031] RAPL PMU: hw unit of domain pp1-gpu 2^-14 Joules
[    1.879035] Loaded X.509 cert 'sforshee: 00b28ddf47aef9cea7'
[    1.879041] i801_smbus 0000:00:1f.4: SMBus using PCI interrupt
[    1.879171] Loaded X.509 cert 'wens: 61c038651aabdcf94bd0ac7ff06c7248db18c600'
[    1.886499] intel_rapl_common: Found RAPL domain package
[    1.886502] intel_rapl_common: Found RAPL domain core
[    1.886503] intel_rapl_common: Found RAPL domain uncore
[    1.886627] input: Acer WMI hotkeys as /devices/virtual/input/input12
[    1.900960] ACPI Error: Field [AFU0] Base+Offset+Width 512+0+1 is beyond end of region [COMP] (length 512) (20230628/exfldio-163)

[    1.900967] No Local Variables are initialized for Method [_STA]

[    1.900968] No Arguments are initialized for method [_STA]

[    1.900970] ACPI Error: Aborting method \AFUB._STA due to previous error (AE_AML_REGION_LIMIT) (20230628/psparse-529)
[    1.901025] i2c i2c-2: 2/8 memory slots populated (from DMI)
[    1.901539] i2c i2c-2: Successfully instantiated SPD at 0x50
[    1.902350] i2c i2c-2: Successfully instantiated SPD at 0x52
[    1.918169] ee1004 2-0050: 512 byte EE1004-compliant SPD EEPROM, read-only
[    1.918978] ee1004 2-0052: 512 byte EE1004-compliant SPD EEPROM, read-only
[    1.920622] Creating 1 MTD partitions on "0000:00:1f.5":
[    1.920626] 0x000000000000-0x000001000000 : "BIOS"
[    1.923580] intel_rapl_common: Found RAPL domain package
[    1.925758] Intel(R) Wireless WiFi driver for Linux
[    1.927841] iwlwifi 0000:00:14.3: Detected crf-id 0x3617, cnv-id 0x20000302 wfpm id 0x80000000
[    1.927862] iwlwifi 0000:00:14.3: PCI dev 43f0/1652, rev=0x351, rfid=0x10a100
[    1.931608] iwlwifi 0000:00:14.3: TLV_FW_FSEQ_VERSION: FSEQ Version: 89.3.35.37
[    1.932021] iwlwifi 0000:00:14.3: loaded firmware version 77.ad46c98b.0 QuZ-a0-hr-b0-77.ucode op_mode iwlmvm
[    1.970112] usb 3-1.4: New USB device found, idVendor=046d, idProduct=c539, bcdDevice=39.06
[    1.970126] usb 3-1.4: New USB device strings: Mfr=1, Product=2, SerialNumber=0
[    1.970128] usb 3-1.4: Product: USB Receiver
[    1.970129] usb 3-1.4: Manufacturer: Logitech
[    2.081576] usb 3-14: new full-speed USB device number 6 using xhci_hcd
[    2.130908] nvidia: loading out-of-tree module taints kernel.
[    2.130914] nvidia: module license 'NVIDIA' taints kernel.
[    2.130915] Disabling lock debugging due to kernel taint
[    2.130918] nvidia: module verification failed: signature and/or required key missing - tainting kernel
[    2.130918] nvidia: module license taints kernel.
[    2.211956] usb 3-14: New USB device found, idVendor=8087, idProduct=0026, bcdDevice= 0.02
[    2.211959] usb 3-14: New USB device strings: Mfr=0, Product=0, SerialNumber=0
[    2.275684] usb 3-1.5: new high-speed USB device number 7 using xhci_hcd
[    2.288131] i915 0000:00:02.0: [drm] VT-d active for gfx access
[    2.292305] mc: Linux media interface: v0.10
[    2.292696] Console: switching to colour dummy device 80x25
[    2.293765] nvidia-nvlink: Nvlink Core is being initialized, major device number 509

[    2.294868] nvidia 0000:01:00.0: enabling device (0006 -> 0007)
[    2.295046] nvidia 0000:01:00.0: vgaarb: VGA decodes changed: olddecodes=io+mem,decodes=none:owns=none
[    2.302439] videodev: Linux video capture interface: v2.00
[    2.310031] intel_tcc_cooling: Programmable TCC Offset detected
[    2.311818] snd_hda_intel 0000:00:1f.3: DSP detected with PCI class/subclass/prog-if info 0x040380
[    2.312792] i915 0000:00:02.0: vgaarb: deactivate vga console
[    2.312846] i915 0000:00:02.0: [drm] Using Transparent Hugepages
[    2.313012] snd_hda_intel 0000:00:1f.3: enabling device (0000 -> 0002)
[    2.313906] iwlwifi 0000:00:14.3: Detected Intel(R) Wi-Fi 6 AX203, REV=0x351
[    2.313949] thermal thermal_zone6: failed to read out thermal zone (-61)
[    2.313968] snd_hda_intel 0000:01:00.1: enabling device (0000 -> 0002)
[    2.314017] snd_hda_intel 0000:01:00.1: Disabling MSI
[    2.314023] snd_hda_intel 0000:01:00.1: Handle vga_switcheroo audio client
[    2.314064] snd_hda_intel 0000:00:1f.3: DSP detected with PCI class/subclass/prog-if info 0x040380
[    2.315054] i915 0000:00:02.0: vgaarb: VGA decodes changed: olddecodes=io+mem,decodes=none:owns=io+mem
[    2.315374] usb 3-9: Found UVC 1.00 device HD User Facing (0408:a061)
[    2.315390] snd_hda_intel 0000:00:1f.3: DSP detected with PCI class/subclass/prog-if info 0x040380
[    2.315875] mei_hdcp 0000:00:16.0-b638ab7e-94e2-4ea2-a552-d1c54b627f04: bound 0000:00:02.0 (ops i915_hdcp_ops [i915])
[    2.316363] i915 0000:00:02.0: [drm] Finished loading DMC firmware i915/tgl_dmc_ver2_12.bin (v2.12)
[    2.326585] ------------[ cut here ]------------
[    2.326586] i915 0000:00:02.0: drm_WARN_ON(val == 0xffffffff)
[    2.326699] snd_hda_intel 0000:00:1f.3: DSP detected with PCI class/subclass/prog-if info 0x040380
[    2.326605] WARNING: CPU: 2 PID: 542 at drivers/gpu/drm/i915/display/intel_tc.c:736 tgl_tc_phy_init+0xec/0x120 [i915]
[    2.326772] Modules linked in: snd_hda_codec_hdmi(+) snd_soc_core snd_compress ac97_bus snd_pcm_dmaengine uvcvideo(+) intel_uncore_frequency videobuf2_vmalloc snd_hda_intel intel_uncore_frequency_common uvc videobuf2_memops snd_intel_dspcfg intel_tcc_cooling videobuf2_v4l2 snd_intel_sdw_acpi x86_pkg_temp_thermal snd_hda_codec intel_powerclamp iwlmvm(+) videodev snd_hda_core coretemp snd_hwdep videobuf2_common mc nvidia(POE+) mac80211 snd_pcm kvm_intel snd_seq_midi snd_seq_midi_event i915(+) libarc4 snd_rawmidi kvm snd_seq drm_buddy iwlwifi ttm processor_thermal_device_pci_legacy snd_seq_device cmdlinepart processor_thermal_device snd_timer processor_thermal_wt_hint ee1004 drm_display_helper processor_thermal_rfim spi_nor irqbypass processor_thermal_rapl intel_rapl_msr mei_pxp mei_hdcp mtd cec intel_rapl_common acer_wmi rapl nls_iso8859_1 snd i2c_i801 spi_intel_pci processor_thermal_wt_req sparse_keymap rc_core mei_me cfg80211 intel_cstate platform_profile wmi_bmof i2c_smbus spi_intel soundcore
[    2.326802]  processor_thermal_power_floor mei processor_thermal_mbox i2c_algo_bit intel_soc_dts_iosf int3403_thermal intel_pmc_core int340x_thermal_zone int3400_thermal intel_vsec acpi_thermal_rel pmt_telemetry acpi_pad pmt_class acer_wireless joydev input_leds serio_raw mac_hid sch_fq_codel msr parport_pc ppdev lp parport efi_pstore nfnetlink dmi_sysfs ip_tables x_tables autofs4 btrfs blake2b_generic raid10 raid456 async_raid6_recov async_memcpy async_pq async_xor async_tx xor raid6_pq libcrc32c raid1 raid0 dm_mirror dm_region_hash dm_log nvme nvme_core ahci libahci nvme_auth spi_pxa2xx_platform hid_multitouch dw_dmac dw_dmac_core hid_generic 8250_dw crct10dif_pclmul crc32_pclmul polyval_clmulni polyval_generic ghash_clmulni_intel sha256_ssse3 sha1_ssse3 r8169 i2c_hid_acpi intel_lpss_pci i2c_hid intel_lpss xhci_pci realtek vmd idma64 xhci_pci_renesas hid video wmi pinctrl_tigerlake aesni_intel crypto_simd cryptd
[    2.326836] CPU: 2 PID: 542 Comm: (udev-worker) Tainted: P           OE      6.8.0-51-generic #52-Ubuntu
[    2.326838] Hardware name: Acer Nitro AN517-54/Kamiq_TLS, BIOS V1.17 06/02/2022
[    2.326838] RIP: 0010:tgl_tc_phy_init+0xec/0x120 [i915]
[    2.326945] Code: 4c 8b 67 50 4d 85 e4 75 03 4c 8b 27 e8 2d fa 99 df 48 c7 c1 c8 7c 66 c1 4c 89 e2 48 c7 c7 d6 98 68 c1 48 89 c6 e8 34 fa f0 de <0f> 0b 48 8b 03 8b b0 84 00 00 00 48 8b 38 e8 d1 84 f9 ff 89 c1 41
[    2.326947] RSP: 0018:ffffb548407a34f0 EFLAGS: 00010246
[    2.326948] RAX: 0000000000000000 RBX: ffff8f204358bc00 RCX: 0000000000000000
[    2.326949] RDX: 0000000000000000 RSI: 0000000000000000 RDI: 0000000000000000
[    2.326950] RBP: ffffb548407a3508 R08: 0000000000000000 R09: 0000000000000000
[    2.326951] R10: 0000000000000000 R11: 0000000000000000 R12: ffff8f2041fb47b0
[    2.326951] R13: ffff8f2052c30000 R14: ffff8f204358bc10 R15: 0000000fffffffe0
[    2.326952] FS:  000079afdc4518c0(0000) GS:ffff8f23dff00000(0000) knlGS:0000000000000000
[    2.326953] CS:  0010 DS: 0000 ES: 0000 CR0: 0000000080050033
[    2.326954] CR2: 000079afdbb09b54 CR3: 000000010f44a001 CR4: 0000000000f70ef0
[    2.326955] PKRU: 55555554
[    2.326956] Call Trace:
[    2.326957]  <TASK>
[    2.326959]  ? show_regs+0x6d/0x80
[    2.326962]  ? __warn+0x89/0x160
[    2.326965]  ? tgl_tc_phy_init+0xec/0x120 [i915]
[    2.327067]  ? report_bug+0x17e/0x1b0
[    2.327072]  ? handle_bug+0x51/0xa0
[    2.327077]  ? exc_invalid_op+0x18/0x80
[    2.327079]  ? asm_exc_invalid_op+0x1b/0x20
[    2.327083]  ? tgl_tc_phy_init+0xec/0x120 [i915]
[    2.327186]  intel_tc_port_init+0x1bc/0x280 [i915]
[    2.327287]  intel_ddi_init+0x9fa/0x10c0 [i915]
[    2.327392]  ? devres_close_group+0xe7/0x170
[    2.327396]  ? __pfx_intel_ddi_init+0x10/0x10 [i915]
[    2.327499]  intel_bios_for_each_encoder+0x36/0x60 [i915]
[    2.327617]  intel_setup_outputs+0x3f9/0x920 [i915]
[    2.327729]  intel_display_driver_probe_nogem+0x16f/0x250 [i915]
[    2.327837]  i915_driver_probe+0x320/0x600 [i915]
[    2.327914]  ? drm_privacy_screen_get+0x16d/0x190
[    2.327918]  ? acpi_dev_found+0x64/0x80
[    2.327922]  i915_pci_probe+0xd2/0x170 [i915]
[    2.327999]  local_pci_probe+0x44/0xb0
[    2.328003]  pci_call_probe+0x55/0x1a0
[    2.328005]  pci_device_probe+0x84/0x120
[    2.328008]  really_probe+0x1c4/0x410
[    2.328010]  __driver_probe_device+0x8c/0x180
[    2.328012]  driver_probe_device+0x24/0xd0
[    2.328013]  __driver_attach+0x10b/0x210
[    2.328015]  ? __pfx___driver_attach+0x10/0x10
[    2.328016]  bus_for_each_dev+0x8a/0xf0
[    2.328018]  driver_attach+0x1e/0x30
[    2.328019]  bus_add_driver+0x14e/0x290
[    2.328021]  driver_register+0x5e/0x130
[    2.328023]  __pci_register_driver+0x5e/0x70
[    2.328025]  i915_pci_register_driver+0x23/0x30 [i915]
[    2.328100]  i915_init+0x34/0x120 [i915]
[    2.328177]  ? __pfx_i915_init+0x10/0x10 [i915]
[    2.328252]  do_one_initcall+0x5b/0x340
[    2.328256]  do_init_module+0x97/0x290
[    2.328258]  load_module+0xba1/0xcf0
[    2.328261]  init_module_from_file+0x96/0x100
[    2.328262]  ? init_module_from_file+0x96/0x100
[    2.328264]  idempotent_init_module+0x11c/0x310
[    2.328266]  __x64_sys_finit_module+0x64/0xd0
[    2.328268]  x64_sys_call+0x2019/0x25a0
[    2.328269]  do_syscall_64+0x7f/0x180
[    2.328271]  ? syscall_exit_to_user_mode+0x86/0x260
[    2.328273]  ? do_syscall_64+0x8c/0x180
[    2.328275]  ? vfs_read+0x2c7/0x390
[    2.328277]  ? vfs_read+0x2c7/0x390
[    2.328279]  ? rseq_get_rseq_cs+0x22/0x280
[    2.328282]  ? rseq_ip_fixup+0x90/0x1f0
[    2.328285]  ? syscall_exit_to_user_mode+0x86/0x260
[    2.328287]  ? do_syscall_64+0x8c/0x180
[    2.328288]  ? syscall_exit_to_user_mode+0x86/0x260
[    2.328289]  ? do_syscall_64+0x8c/0x180
[    2.328291]  ? syscall_exit_to_user_mode+0x86/0x260
[    2.328292]  ? do_syscall_64+0x8c/0x180
[    2.328293]  ? irqentry_exit_to_user_mode+0x7b/0x260
[    2.328295]  ? clear_bhb_loop+0x15/0x70
[    2.328297]  ? clear_bhb_loop+0x15/0x70
[    2.328297]  ? clear_bhb_loop+0x15/0x70
[    2.328298]  entry_SYSCALL_64_after_hwframe+0x78/0x80
[    2.328300] RIP: 0033:0x79afdc32725d
[    2.328314] Code: ff c3 66 2e 0f 1f 84 00 00 00 00 00 90 f3 0f 1e fa 48 89 f8 48 89 f7 48 89 d6 48 89 ca 4d 89 c2 4d 89 c8 4c 8b 4c 24 08 0f 05 <48> 3d 01 f0 ff ff 73 01 c3 48 8b 0d 8b bb 0d 00 f7 d8 64 89 01 48
[    2.328315] RSP: 002b:00007ffe75bebb38 EFLAGS: 00000246 ORIG_RAX: 0000000000000139
[    2.328316] RAX: ffffffffffffffda RBX: 00005715d32b4660 RCX: 000079afdc32725d
[    2.328317] RDX: 0000000000000004 RSI: 000079afdc62e07d RDI: 0000000000000044
[    2.328318] RBP: 00007ffe75bebbf0 R08: 0000000000000040 R09: 00007ffe75bebb80
[    2.328319] R10: 000079afdc403b20 R11: 0000000000000246 R12: 000079afdc62e07d
[    2.328319] R13: 0000000000020000 R14: 00005715d329c110 R15: 00005715d3286a90
[    2.328321]  </TASK>
[    2.328321] ---[ end trace 0000000000000000 ]---
[    2.328378] ------------[ cut here ]------------
[    2.328379] i915 0000:00:02.0: drm_WARN_ON(val == 0xffffffff)
[    2.328397] WARNING: CPU: 2 PID: 542 at drivers/gpu/drm/i915/display/intel_tc.c:736 tgl_tc_phy_init+0xec/0x120 [i915]
[    2.328528] Modules linked in: snd_hda_codec_hdmi(+) snd_soc_core snd_compress ac97_bus snd_pcm_dmaengine uvcvideo(+) intel_uncore_frequency videobuf2_vmalloc snd_hda_intel intel_uncore_frequency_common uvc videobuf2_memops snd_intel_dspcfg intel_tcc_cooling videobuf2_v4l2 snd_intel_sdw_acpi x86_pkg_temp_thermal snd_hda_codec intel_powerclamp iwlmvm(+) videodev snd_hda_core coretemp snd_hwdep videobuf2_common mc nvidia(POE+) mac80211 snd_pcm kvm_intel snd_seq_midi snd_seq_midi_event i915(+) libarc4 snd_rawmidi kvm snd_seq drm_buddy iwlwifi ttm processor_thermal_device_pci_legacy snd_seq_device cmdlinepart processor_thermal_device snd_timer processor_thermal_wt_hint ee1004 drm_display_helper processor_thermal_rfim spi_nor irqbypass processor_thermal_rapl intel_rapl_msr mei_pxp mei_hdcp mtd cec intel_rapl_common acer_wmi rapl nls_iso8859_1 snd i2c_i801 spi_intel_pci processor_thermal_wt_req sparse_keymap rc_core mei_me cfg80211 intel_cstate platform_profile wmi_bmof i2c_smbus spi_intel soundcore
